[    0.000000] Linux version 4.15.0-212-generic (buildd@lcy02-amd64-083) (gcc version 7.5.0 (Ubuntu 7.5.0-3ubuntu1~18.04)) #223-Ubuntu SMP Tue May 23 13:09:22 UTC 2023 (Ubuntu 4.15.0-212.223-generic 4.15.18)
[    0.000000] Command line: BOOT_IMAGE=/boot/vmlinuz-4.15.0-212-generic root=LABEL=cloudimg-rootfs ro console=tty1 console=ttyS0
[    0.000000] KERNEL supported cpus:
[    0.000000]   Intel GenuineIntel
[    0.000000]   AMD AuthenticAMD
[    0.000000]   Centaur CentaurHauls
[    0.000000] x86/fpu: Supporting XSAVE feature 0x001: 'x87 floating point registers'
[    0.000000] x86/fpu: Supporting XSAVE feature 0x002: 'SSE registers'
[    0.000000] x86/fpu: Supporting XSAVE feature 0x004: 'AVX registers'
[    0.000000] x86/fpu: xstate_offset[2]:  576, xstate_sizes[2]:  256
[    0.000000] x86/fpu: Enabled xstate features 0x7, context size is 832 bytes, using 'standard' format.
[    0.000000] e820: BIOS-provided physical RAM map:
[    0.000000] BIOS-e820: [mem 0x0000000000000000-0x000000000009fbff] usable
[    0.000000] BIOS-e820: [mem 0x000000000009fc00-0x000000000009ffff] reserved
[    0.000000] BIOS-e820: [mem 0x00000000000f0000-0x00000000000fffff] reserved
[    0.000000] BIOS-e820: [mem 0x0000000000100000-0x000000007e7effff] usable
[    0.000000] BIOS-e820: [mem 0x000000007e7f0000-0x000000007e7fffff] ACPI data
[    0.000000] BIOS-e820: [mem 0x00000000fec00000-0x00000000fec00fff] reserved
[    0.000000] BIOS-e820: [mem 0x00000000fee00000-0x00000000fee00fff] reserved
[    0.000000] BIOS-e820: [mem 0x00000000fffc0000-0x00000000ffffffff] reserved
[    0.000000] NX (Execute Disable) protection: active
[    0.000000] SMBIOS 2.5 present.
[    0.000000] DMI: innotek GmbH VirtualBox/VirtualBox, BIOS VirtualBox 12/01/2006
[    0.000000] Hypervisor detected: KVM
[    0.000000] e820: last_pfn = 0x7e7f0 max_arch_pfn = 0x400000000
[    0.000000] MTRR: Disabled
[    0.000000] x86/PAT: MTRRs disabled, skipping PAT initialization too.
[    0.000000] CPU MTRRs all blank - virtualized system.
[    0.000000] x86/PAT: Configuration [0-7]: WB  WT  UC- UC  WB  WT  UC- UC  
[    0.000000] found SMP MP-table at [mem 0x0009fff0-0x0009ffff]
[    0.000000] Scanning 1 areas for low memory corruption
[    0.000000] RAMDISK: [mem 0x359cb000-0x36cdcfff]
[    0.000000] ACPI: Early table checksum verification disabled
[    0.000000] ACPI: RSDP 0x00000000000E0000 000024 (v02 VBOX  )
[    0.000000] ACPI: XSDT 0x000000007E7F0030 00003C (v01 VBOX   VBOXXSDT 00000001 ASL  00000061)
[    0.000000] ACPI: FACP 0x000000007E7F00F0 0000F4 (v04 VBOX   VBOXFACP 00000001 ASL  00000061)
[    0.000000] ACPI: DSDT 0x000000007E7F0470 002325 (v02 VBOX   VBOXBIOS 00000002 INTL 20200925)
[    0.000000] ACPI: FACS 0x000000007E7F0200 000040
[    0.000000] ACPI: FACS 0x000000007E7F0200 000040
[    0.000000] ACPI: APIC 0x000000007E7F0240 00005C (v02 VBOX   VBOXAPIC 00000001 ASL  00000061)
[    0.000000] ACPI: SSDT 0x000000007E7F02A0 0001CC (v01 VBOX   VBOXCPUT 00000002 INTL 20200925)
[    0.000000] ACPI: Reserving FACP table memory at [mem 0x7e7f00f0-0x7e7f01e3]
[    0.000000] ACPI: Reserving DSDT table memory at [mem 0x7e7f0470-0x7e7f2794]
[    0.000000] ACPI: Reserving FACS table memory at [mem 0x7e7f0200-0x7e7f023f]
[    0.000000] ACPI: Reserving FACS table memory at [mem 0x7e7f0200-0x7e7f023f]
[    0.000000] ACPI: Reserving APIC table memory at [mem 0x7e7f0240-0x7e7f029b]
[    0.000000] ACPI: Reserving SSDT table memory at [mem 0x7e7f02a0-0x7e7f046b]
[    0.000000] No NUMA configuration found
[    0.000000] Faking a node at [mem 0x0000000000000000-0x000000007e7effff]
[    0.000000] NODE_DATA(0) allocated [mem 0x7e7c5000-0x7e7effff]
[    0.000000] kvm-clock: cpu 0, msr 0:7e744001, primary cpu clock
[    0.000000] kvm-clock: Using msrs 4b564d01 and 4b564d00
[    0.000000] kvm-clock: using sched offset of 3074759925 cycles
[    0.000000] clocksource: kvm-clock: mask: 0xffffffffffffffff max_cycles: 0x1cd42e4dffb, max_idle_ns: 881590591483 ns
[    0.000000] Zone ranges:
[    0.000000]   DMA      [mem 0x0000000000001000-0x0000000000ffffff]
[    0.000000]   DMA32    [mem 0x0000000001000000-0x000000007e7effff]
[    0.000000]   Normal   empty
[    0.000000]   Device   empty
[    0.000000] Movable zone start for each node
[    0.000000] Early memory node ranges
[    0.000000]   node   0: [mem 0x0000000000001000-0x000000000009efff]
[    0.000000]   node   0: [mem 0x0000000000100000-0x000000007e7effff]
[    0.000000] Reserved but unavailable: 104 pages
[    0.000000] Initmem setup node 0 [mem 0x0000000000001000-0x000000007e7effff]
[    0.000000] ACPI: PM-Timer IO Port: 0x4008
[    0.000000] IOAPIC[0]: apic_id 2, version 32, address 0xfec00000, GSI 0-23
[    0.000000] ACPI: INT_SRC_OVR (bus 0 bus_irq 0 global_irq 2 dfl dfl)
[    0.000000] ACPI: INT_SRC_OVR (bus 0 bus_irq 9 global_irq 9 low level)
[    0.000000] Using ACPI (MADT) for SMP configuration information
[    0.000000] smpboot: Allowing 2 CPUs, 0 hotplug CPUs
[    0.000000] PM: Registered nosave memory: [mem 0x00000000-0x00000fff]
[    0.000000] PM: Registered nosave memory: [mem 0x0009f000-0x0009ffff]
[    0.000000] PM: Registered nosave memory: [mem 0x000a0000-0x000effff]
[    0.000000] PM: Registered nosave memory: [mem 0x000f0000-0x000fffff]
[    0.000000] e820: [mem 0x7e800000-0xfebfffff] available for PCI devices
[    0.000000] Booting paravirtualized kernel on KVM
[    0.000000] clocksource: refined-jiffies: mask: 0xffffffff max_cycles: 0xffffffff, max_idle_ns: 7645519600211568 ns
[    0.000000] setup_percpu: NR_CPUS:8192 nr_cpumask_bits:2 nr_cpu_ids:2 nr_node_ids:1
[    0.000000] percpu: Embedded 50 pages/cpu s167936 r8192 d28672 u1048576
[    0.000000] PV qspinlock hash table entries: 256 (order: 0, 4096 bytes)
[    0.000000] Built 1 zonelists, mobility grouping on.  Total pages: 509913
[    0.000000] Policy zone: DMA32
[    0.000000] Kernel command line: BOOT_IMAGE=/boot/vmlinuz-4.15.0-212-generic root=LABEL=cloudimg-rootfs ro console=tty1 console=ttyS0
[    0.000000] Memory: 1990260K/2072120K available (12300K kernel code, 2477K rwdata, 4324K rodata, 2480K init, 2720K bss, 81860K reserved, 0K cma-reserved)
[    0.000000] SLUB: HWalign=64, Order=0-3, MinObjects=0, CPUs=2, Nodes=1
[    0.000000] Kernel/User page tables isolation: enabled
[    0.000000] ftrace: allocating 39508 entries in 155 pages
[    0.004000] Hierarchical RCU implementation.
[    0.004000] 	RCU restricting CPUs from NR_CPUS=8192 to nr_cpu_ids=2.
[    0.004000] 	Tasks RCU enabled.
[    0.004000] RCU: Adjusting geometry for rcu_fanout_leaf=16, nr_cpu_ids=2
[    0.004000] NR_IRQS: 524544, nr_irqs: 440, preallocated irqs: 16
[    0.004000] random: crng init done
[    0.004000] Console: colour VGA+ 80x25
[    0.004000] console [tty1] enabled
[    0.004000] console [ttyS0] enabled
[    0.004000] ACPI: Core revision 20170831
[    0.004000] ACPI: 2 ACPI AML tables successfully acquired and loaded
[    0.004000] APIC: Switch to symmetric I/O mode setup
[    0.004000] x2apic enabled
[    0.004000] Switched APIC routing to physical x2apic.
[    0.004000] ..TIMER: vector=0x30 apic1=0 pin1=2 apic2=-1 pin2=-1
[    0.004000] tsc: Detected 2803.198 MHz processor
[    0.004000] Calibrating delay loop (skipped) preset value.. 5606.39 BogoMIPS (lpj=11212792)
[    0.004004] pid_max: default: 32768 minimum: 301
[    0.004584] Security Framework initialized
[    0.005072] Yama: becoming mindful.
[    0.005513] AppArmor: AppArmor initialized
[    0.006742] Dentry cache hash table entries: 262144 (order: 9, 2097152 bytes)
[    0.008549] Inode-cache hash table entries: 131072 (order: 8, 1048576 bytes)
[    0.009381] Mount-cache hash table entries: 4096 (order: 3, 32768 bytes)
[    0.010131] Mountpoint-cache hash table entries: 4096 (order: 3, 32768 bytes)
[    0.011147] Last level iTLB entries: 4KB 0, 2MB 0, 4MB 0
[    0.012001] Last level dTLB entries: 4KB 0, 2MB 0, 4MB 0, 1GB 0
[    0.012680] Spectre V1 : Mitigation: usercopy/swapgs barriers and __user pointer sanitization
[    0.013652] Spectre V2 : Mitigation: Retpolines
[    0.014203] Spectre V2 : Spectre v2 / SpectreRSB mitigation: Filling RSB on context switch
[    0.015256] Spectre V2 : Spectre v2 / SpectreRSB : Filling RSB on VMEXIT
[    0.016001] Speculative Store Bypass: Vulnerable
[    0.016574] MDS: Mitigation: Clear CPU buffers
[    0.017247] Freeing SMP alternatives memory: 36K
[    0.128177] smpboot: CPU0: 11th Gen Intel(R) Core(TM) i7-1165G7 @ 2.80GHz (family: 0x6, model: 0x8c, stepping: 0x1)
[    0.129850] Performance Events: unsupported p6 CPU model 140 no PMU driver, software events only.
[    0.130744] Hierarchical SRCU implementation.
[    0.131620] NMI watchdog: Perf event create on CPU 0 failed with -2
[    0.132001] NMI watchdog: Perf NMI watchdog permanently disabled
[    0.132599] smp: Bringing up secondary CPUs ...
[    0.133103] x86: Booting SMP configuration:
[    0.133521] .... node  #0, CPUs:      #1
[    0.004000] kvm-clock: cpu 1, msr 0:7e744041, secondary cpu clock
[    0.136016] smp: Brought up 1 node, 2 CPUs
[    0.136450] smpboot: Max logical packages: 1
[    0.136883] smpboot: Total of 2 processors activated (11212.79 BogoMIPS)
[    0.137616] devtmpfs: initialized
[    0.137616] x86/mm: Memory block size: 128MB
[    0.137616] evm: security.selinux
[    0.137616] evm: security.SMACK64
[    0.140003] evm: security.SMACK64EXEC
[    0.140371] evm: security.SMACK64TRANSMUTE
[    0.140788] evm: security.SMACK64MMAP
[    0.141167] evm: security.apparmor
[    0.141514] evm: security.ima
[    0.141827] evm: security.capability
[    0.142210] clocksource: jiffies: mask: 0xffffffff max_cycles: 0xffffffff, max_idle_ns: 7645041785100000 ns
[    0.142210] futex hash table entries: 512 (order: 3, 32768 bytes)
[    0.144037] pinctrl core: initialized pinctrl subsystem
[    0.144677] RTC time:  4:22:19, date: 06/15/24
[    0.145326] NET: Registered protocol family 16
[    0.145988] audit: initializing netlink subsys (disabled)
[    0.146628] audit: type=2000 audit(1718425343.462:1): state=initialized audit_enabled=0 res=1
[    0.146628] cpuidle: using governor ladder
[    0.148008] cpuidle: using governor menu
[    0.148434] ACPI: bus type PCI registered
[    0.148836] acpiphp: ACPI Hot Plug PCI Controller Driver version: 0.5
[    0.149494] PCI: Using configuration type 1 for base access
[    0.150045] HugeTLB registered 2.00 MiB page size, pre-allocated 0 pages
[    0.152047] ACPI: Added _OSI(Module Device)
[    0.152470] ACPI: Added _OSI(Processor Device)
[    0.152910] ACPI: Added _OSI(3.0 _SCP Extensions)
[    0.153357] ACPI: Added _OSI(Processor Aggregator Device)
[    0.153869] ACPI: Added _OSI(Linux-Dell-Video)
[    0.154303] ACPI: Added _OSI(Linux-Lenovo-NV-HDMI-Audio)
[    0.154918] ACPI: Added _OSI(Linux-HPI-Hybrid-Graphics)
[    0.155593] ACPI: Executed 1 blocks of module-level executable AML code
[    0.158026] ACPI: Interpreter enabled
[    0.158471] ACPI: (supports S0 S5)
[    0.158846] ACPI: Using IOAPIC for interrupt routing
[    0.160117] PCI: Using host bridge windows from ACPI; if necessary, use "pci=nocrs" and report a bug
[    0.161121] ACPI: Enabled 2 GPEs in block 00 to 07
[    0.165127] ACPI: PCI Root Bridge [PCI0] (domain 0000 [bus 00-ff])
[    0.165749] acpi PNP0A03:00: _OSC: OS supports [ASPM ClockPM Segments MSI]
[    0.166671] acpi PNP0A03:00: _OSC: not requesting OS control; OS requires [ExtendedConfig ASPM ClockPM MSI]
[    0.168007] acpi PNP0A03:00: fail to add MMCONFIG information, can't access extended PCI configuration space under this bridge.
[    0.169276] PCI host bridge to bus 0000:00
[    0.169703] pci_bus 0000:00: root bus resource [io  0x0000-0x0cf7 window]
[    0.170341] pci_bus 0000:00: root bus resource [io  0x0d00-0xffff window]
[    0.170970] pci_bus 0000:00: root bus resource [mem 0x000a0000-0x000bffff window]
[    0.172001] pci_bus 0000:00: root bus resource [mem 0x7e800000-0xfdffffff window]
[    0.173128] pci_bus 0000:00: root bus resource [bus 00-ff]
[    0.174791] pci 0000:00:01.1: legacy IDE quirk: reg 0x10: [io  0x01f0-0x01f7]
[    0.175474] pci 0000:00:01.1: legacy IDE quirk: reg 0x14: [io  0x03f6]
[    0.176002] pci 0000:00:01.1: legacy IDE quirk: reg 0x18: [io  0x0170-0x0177]
[    0.176682] pci 0000:00:01.1: legacy IDE quirk: reg 0x1c: [io  0x0376]
[    0.187450] pci 0000:00:07.0: quirk: [io  0x4000-0x403f] claimed by PIIX4 ACPI
[    0.188013] pci 0000:00:07.0: quirk: [io  0x4100-0x410f] claimed by PIIX4 SMB
[    0.194920] ACPI: PCI Interrupt Link [LNKA] (IRQs 5 9 10 *11)
[    0.195704] ACPI: PCI Interrupt Link [LNKB] (IRQs 5 9 *10 11)
[    0.196066] ACPI: PCI Interrupt Link [LNKC] (IRQs 5 *9 10 11)
[    0.196665] ACPI: PCI Interrupt Link [LNKD] (IRQs 5 9 10 *11)
[    0.197431] SCSI subsystem initialized
[    0.197840] pci 0000:00:02.0: vgaarb: setting as boot VGA device
[    0.197840] pci 0000:00:02.0: vgaarb: VGA device added: decodes=io+mem,owns=io+mem,locks=none
[    0.197840] pci 0000:00:02.0: vgaarb: bridge control possible
[    0.200007] vgaarb: loaded
[    0.200328] ACPI: bus type USB registered
[    0.200734] usbcore: registered new interface driver usbfs
[    0.201260] usbcore: registered new interface driver hub
[    0.201772] usbcore: registered new device driver usb
[    0.202291] EDAC MC: Ver: 3.0.0
[    0.202291] PCI: Using ACPI for IRQ routing
[    0.202291] NetLabel: Initializing
[    0.204009] NetLabel:  domain hash size = 128
[    0.204448] NetLabel:  protocols = UNLABELED CIPSOv4 CALIPSO
[    0.204989] NetLabel:  unlabeled traffic allowed by default
[    0.205517] clocksource: Switched to clocksource kvm-clock
[    0.211995] VFS: Disk quotas dquot_6.6.0
[    0.212450] VFS: Dquot-cache hash table entries: 512 (order 0, 4096 bytes)
[    0.213138] AppArmor: AppArmor Filesystem Enabled
[    0.213612] pnp: PnP ACPI init
[    0.214545] pnp: PnP ACPI: found 3 devices
[    0.221586] clocksource: acpi_pm: mask: 0xffffff max_cycles: 0xffffff, max_idle_ns: 2085701024 ns
[    0.222678] NET: Registered protocol family 2
[    0.223163] IP idents hash table entries: 32768 (order: 6, 262144 bytes)
[    0.223932] TCP established hash table entries: 16384 (order: 5, 131072 bytes)
[    0.224676] TCP bind hash table entries: 16384 (order: 6, 262144 bytes)
[    0.225834] TCP: Hash tables configured (established 16384 bind 16384)
[    0.226482] UDP hash table entries: 1024 (order: 3, 32768 bytes)
[    0.227062] UDP-Lite hash table entries: 1024 (order: 3, 32768 bytes)
[    0.227684] NET: Registered protocol family 1
[    0.228131] pci 0000:00:00.0: Limiting direct PCI/PCI transfers
[    0.228702] pci 0000:00:01.0: Activating ISA DMA hang workarounds
[    0.229305] pci 0000:00:02.0: Video device with shadowed ROM at [mem 0x000c0000-0x000dffff]
[    0.230175] Unpacking initramfs...
[    0.411339] Freeing initrd memory: 19528K
[    0.411911] clocksource: tsc: mask: 0xffffffffffffffff max_cycles: 0x28680e0a5c3, max_idle_ns: 440795346756 ns
[    0.412883] platform rtc_cmos: registered platform RTC device (no PNP device found)
[    0.413648] Scanning for low memory corruption every 60 seconds
[    0.414853] Initialise system trusted keyrings
[    0.415354] Key type blacklist registered
[    0.416355] workingset: timestamp_bits=36 max_order=19 bucket_order=0
[    0.417489] zbud: loaded
[    0.418080] squashfs: version 4.0 (2009/01/31) Phillip Lougher
[    0.418804] fuse init (API version 7.26)
[    0.420153] Key type asymmetric registered
[    0.420696] Asymmetric key parser 'x509' registered
[    0.421191] Block layer SCSI generic (bsg) driver version 0.4 loaded (major 246)
[    0.421932] io scheduler noop registered
[    0.422329] io scheduler deadline registered
[    0.422765] io scheduler cfq registered (default)
[    0.423412] ACPI: AC Adapter [AC] (on-line)
[    0.423860] input: Power Button as /devices/LNXSYSTM:00/LNXPWRBN:00/input/input0
[    0.424619] ACPI: Power Button [PWRF]
[    0.425033] input: Sleep Button as /devices/LNXSYSTM:00/LNXSLPBN:00/input/input1
[    0.425750] ACPI: Sleep Button [SLPF]
[    0.426688] ACPI: Battery Slot [BAT0] (battery present)
[    0.427292] Serial: 8250/16550 driver, 32 ports, IRQ sharing enabled
[    0.448382] 00:02: ttyS0 at I/O 0x3f8 (irq = 4, base_baud = 115200) is a 16550A
[    0.450684] Linux agpgart interface v0.103
[    0.451882] loop: module loaded
[    0.452623] scsi host0: ata_piix
[    0.453028] scsi host1: ata_piix
[    0.453379] ata1: PATA max UDMA/33 cmd 0x1f0 ctl 0x3f6 bmdma 0xd000 irq 14
[    0.454009] ata2: PATA max UDMA/33 cmd 0x170 ctl 0x376 bmdma 0xd008 irq 15
[    0.454695] tun: Universal TUN/TAP device driver, 1.6
[    0.455224] PPP generic driver version 2.4.2
[    0.455683] ehci_hcd: USB 2.0 'Enhanced' Host Controller (EHCI) Driver
[    0.456316] ehci-pci: EHCI PCI platform driver
[    0.456757] ehci-platform: EHCI generic platform driver
[    0.457263] ohci_hcd: USB 1.1 'Open' Host Controller (OHCI) Driver
[    0.457837] ohci-pci: OHCI PCI platform driver
[    0.458278] ohci-platform: OHCI generic platform driver
[    0.458778] uhci_hcd: USB Universal Host Controller Interface driver
[    0.459398] i8042: PNP: PS/2 Controller [PNP0303:PS2K,PNP0f03:PS2M] at 0x60,0x64 irq 1,12
[    0.460510] serio: i8042 KBD port at 0x60,0x64 irq 1
[    0.461117] serio: i8042 AUX port at 0x60,0x64 irq 12
[    0.461669] mousedev: PS/2 mouse device common for all mice
[    0.462498] input: AT Translated Set 2 keyboard as /devices/platform/i8042/serio0/input/input2
[    0.463464] rtc_cmos rtc_cmos: rtc core: registered rtc_cmos as rtc0
[    0.464108] rtc_cmos rtc_cmos: alarms up to one day, 114 bytes nvram
[    0.464717] i2c /dev entries driver
[    0.465103] device-mapper: uevent: version 1.0.3
[    0.465597] device-mapper: ioctl: 4.37.0-ioctl (2017-09-20) initialised: dm-devel@redhat.com
[    0.466418] ledtrig-cpu: registered to indicate activity on CPUs
[    0.467189] NET: Registered protocol family 10
[    0.469777] Segment Routing with IPv6
[    0.470229] NET: Registered protocol family 17
[    0.470734] Key type dns_resolver registered
[    0.471411] mce: Using 0 MCE banks
[    0.471786] RAS: Correctable Errors collector initialized.
[    0.472344] sched_clock: Marking stable (472320292, 0)->(571465785, -99145493)
[    0.473279] registered taskstats version 1
[    0.473694] Loading compiled-in X.509 certificates
[    0.475517] Loaded X.509 cert 'Build time autogenerated kernel key: b5b26778eaa3ab3a4a6cee031137706e947d12ad'
[    0.476966] Loaded X.509 cert 'Canonical Ltd. Live Patch Signing: 14df34d1a87cf37625abec039ef2bf521249b969'
[    0.478292] Loaded X.509 cert 'Canonical Ltd. Kernel Module Signing: 88f752e560a1e0737e31163a466ad7b70a850c19'
[    0.479222] blacklist: Loading compiled-in revocation X.509 certificates
[    0.479857] Loaded X.509 cert 'Canonical Ltd. Secure Boot Signing: 61482aa2830d0ab2ad5af10b7250da9033ddcef0'
[    0.480894] Loaded X.509 cert 'Canonical Ltd. Secure Boot Signing (2017): 242ade75ac4a15e50d50c84b0d45ff3eae707a03'
[    0.481905] Loaded X.509 cert 'Canonical Ltd. Secure Boot Signing (ESM 2018): 365188c1d374d6b07c3c8f240f8ef722433d6a8b'
[    0.482910] Loaded X.509 cert 'Canonical Ltd. Secure Boot Signing (2019): c0746fd6c5da3ae827864651ad66ae47fe24b3e8'
[    0.483904] Loaded X.509 cert 'Canonical Ltd. Secure Boot Signing (2021 v1): a8d54bbb3825cfb94fa13c9f8a594a195c107b8d'
[    0.484925] Loaded X.509 cert 'Canonical Ltd. Secure Boot Signing (2021 v2): 4cf046892d6fd3c9a5b03f98d845f90851dc6a8c'
[    0.485940] Loaded X.509 cert 'Canonical Ltd. Secure Boot Signing (2021 v3): 100437bb6de6e469b581e61cd66bce3ef4ed53af'
[    0.486940] Loaded X.509 cert 'Canonical Ltd. Secure Boot Signing (Ubuntu Core 2019): c1d57b8f6b743f23ee41f4f7ee292f06eecadfb9'
[    0.488005] zswap: loaded using pool lzo/zbud
[    0.490674] Key type big_key registered
[    0.491190] Key type trusted registered
[    0.492615] Key type encrypted registered
[    0.493118] AppArmor: AppArmor sha1 policy hashing enabled
[    0.493767] ima: No TPM chip found, activating TPM-bypass! (rc=-19)
[    0.495126] ima: Allocated hash algorithm: sha1
[    0.496444] evm: HMAC attrs: 0x1
[    0.497714]   Magic number: 12:371:363
[    0.498419] rtc_cmos rtc_cmos: setting system clock to 2024-06-15 04:22:19 UTC (1718425339)
[    0.499479] BIOS EDD facility v0.16 2004-Jun-25, 0 devices found
[    0.500200] EDD information not available.
[    0.636310] Freeing unused kernel image memory: 2480K
[    0.648241] Write protecting the kernel read-only data: 20480k
[    0.649652] Freeing unused kernel image memory: 2008K
[    0.650556] Freeing unused kernel image memory: 1820K
[    0.654818] x86/mm: Checked W+X mappings: passed, no W+X pages found.
[    0.656743] x86/mm: Checking user space page tables
[    0.661209] x86/mm: Checked W+X mappings: passed, no W+X pages found.
Loading, please wait...
starting version 237
[    0.697301] e1000: Intel(R) PRO/1000 Network Driver - version 7.3.21-k8-NAPI
[    0.698130] e1000: Copyright (c) 1999-2006 Intel Corporation.
[    0.698777] Fusion MPT base driver 3.04.20
[    0.699256] Copyright (c) 1999-2008 LSI Corporation
[    0.702745] Fusion MPT SPI Host driver 3.04.20
[    0.713512] AVX2 version of gcm_enc/dec engaged.
[    0.714086] AES CTR mode by8 optimization enabled
[    0.905683] input: ImExPS/2 Generic Explorer Mouse as /devices/platform/i8042/serio1/input/input4
[    1.156555] e1000 0000:00:03.0 eth0: (PCI:33MHz:32-bit) 02:3b:7b:b7:3b:2d
[    1.157329] e1000 0000:00:03.0 eth0: Intel(R) PRO/1000 Network Connection
[    1.158683] mptbase: ioc0: Initiating bringup
[    2.659654] ioc0: LSI53C1030 A0: Capabilities={Initiator}
[    4.858394] scsi host2: ioc0: LSI53C1030 A0, FwRev=00000000h, Ports=1, MaxQ=256, IRQ=20
[    7.656423] scsi 2:0:0:0: Direct-Access     VBOX     HARDDISK         1.0  PQ: 0 ANSI: 5
[    7.814571] scsi target2:0:0: Beginning Domain Validation
[    7.857976] scsi target2:0:0: Domain Validation skipping write tests
[    7.858782] scsi target2:0:0: Ending Domain Validation
[    7.863003] scsi target2:0:0: asynchronous
[    7.872632] scsi 2:0:1:0: Direct-Access     VBOX     HARDDISK         1.0  PQ: 0 ANSI: 5
[    8.072181] scsi target2:0:1: Beginning Domain Validation
[    8.073994] scsi target2:0:1: Domain Validation skipping write tests
[    8.074601] scsi target2:0:1: Ending Domain Validation
[    8.075130] scsi target2:0:1: asynchronous
[    8.077711] sd 2:0:0:0: Attached scsi generic sg0 type 0
[    8.078378] sd 2:0:0:0: [sda] 83886080 512-byte logical blocks: (42.9 GB/40.0 GiB)
[    8.079172] sd 2:0:0:0: [sda] Write Protect is off
[    8.079759] sd 2:0:0:0: [sda] Incomplete mode parameter data
[    8.080365] sd 2:0:0:0: [sda] Assuming drive cache: write through
[    8.080967] sd 2:0:1:0: Attached scsi generic sg1 type 0
[    8.081509] sd 2:0:1:0: [sdb] 20480 512-byte logical blocks: (10.5 MB/10.0 MiB)
[    8.082269] sd 2:0:1:0: [sdb] Write Protect is off
[    8.082867] sd 2:0:1:0: [sdb] Incomplete mode parameter data
[    8.083452] sd 2:0:1:0: [sdb] Assuming drive cache: write through
[    8.089755]  sda: sda1
[    8.090544] sd 2:0:0:0: [sda] Attached SCSI disk
[    8.091262] sd 2:0:1:0: [sdb] Attached SCSI disk
[    8.108084] e1000 0000:00:08.0 eth1: (PCI:33MHz:32-bit) 08:00:27:d7:04:59
[    8.108837] e1000 0000:00:08.0 eth1: Intel(R) PRO/1000 Network Connection
[    8.110556] e1000 0000:00:08.0 enp0s8: renamed from eth1
[    8.116365] e1000 0000:00:03.0 enp0s3: renamed from eth0
Begin: Loading essential drivers ... [    9.436074] raid6: sse2x1   gen() 19218 MB/s
[    9.484124] raid6: sse2x1   xor() 11694 MB/s
[    9.532040] raid6: sse2x2   gen() 24323 MB/s
[    9.580124] raid6: sse2x2   xor() 15288 MB/s
[    9.628062] raid6: sse2x4   gen() 25232 MB/s
[    9.676121] raid6: sse2x4   xor() 13461 MB/s
[    9.724046] raid6: avx2x1   gen() 35881 MB/s
[    9.772131] raid6: avx2x1   xor() 22132 MB/s
[    9.820044] raid6: avx2x2   gen() 40208 MB/s
[    9.868125] raid6: avx2x2   xor() 28347 MB/s
[    9.916126] raid6: avx2x4   gen() 44459 MB/s
[    9.964161] raid6: avx2x4   xor() 25918 MB/s
[    9.964706] raid6: using algorithm avx2x4 gen() 44459 MB/s
[    9.965234] raid6: .... xor() 25918 MB/s, rmw enabled
[    9.965722] raid6: using avx2x2 recovery algorithm
[    9.967343] xor: automatically using best checksumming function   avx       
[    9.968990] async_tx: api initialized (async)
done.
Begin: Running /scripts/init-premount ... done.
Begin: Mounting root file system ... Begin: Running /scripts/local-top ... done.
Begin: Running /scripts/local-premount ... [    9.999491] Btrfs loaded, crc32c=crc32c-intel
Scanning for Btrfs filesystems
done.
Warning: fsck not present, so skipping root file system
[   10.019229] EXT4-fs (sda1): mounted filesystem with ordered data mode. Opts: (null)
done.
Begin: Running /scripts/local-bottom ... done.
Begin: Running /scripts/init-bottom ... done.
[   10.159006] ip_tables: (C) 2000-2006 Netfilter Core Team
[   10.163192] systemd[1]: systemd 237 running in system mode. (+PAM +AUDIT +SELINUX +IMA +APPARMOR +SMACK +SYSVINIT +UTMP +LIBCRYPTSETUP +GCRYPT +GNUTLS +ACL +XZ +LZ4 +SECCOMP +BLKID +ELFUTILS +KMOD -IDN2 +IDN -PCRE2 default-hierarchy=hybrid)
[   10.165509] systemd[1]: Detected virtualization oracle.
[   10.166019] systemd[1]: Detected architecture x86-64.

Welcome to [1mUbuntu 18.04.6 LTS[0m!

[   10.169249] systemd[1]: Set hostname to <ubuntu>.
[   10.170450] systemd[1]: Initializing machine ID from random generator.
[   10.171197] systemd[1]: Installed transient /etc/machine-id file.
[   10.343805] systemd[1]: Reached target User and Group Name Lookups.
[[0;32m  OK  [0m] Reached target User and Group Name Lookups.
[   10.345174] systemd[1]: Started Forward Password Requests to Wall Directory Watch.
[[0;32m  OK  [0m] Started Forward Password Requests to Wall Directory Watch.
[   10.346573] systemd[1]: Set up automount Arbitrary Executable File Formats File System Automount Point.
[[0;32m  OK  [0m] Set up automount Arbitrary Executabâ€¦rmats File System Automount Point.
[   10.349028] systemd[1]: Created slice User and Session Slice.
[[0;32m  OK  [0m] Created slice User and Session Slice.
[[0;32m  OK  [0m] Created slice System Slice.
[[0;32m  OK  [0m] Created slice system-serial\x2dgetty.slice.
[[0;32m  OK  [0m] Listening on fsck to fsckd communication Socket.
[[0;32m  OK  [0m] Listening on LVM2 poll daemon socket.
[[0;32m  OK  [0m] Listening on Journal Audit Socket.
[[0;32m  OK  [0m] Listening on udev Control Socket.
[[0;32m  OK  [0m] Listening on /dev/initctl Compatibility Named Pipe.
[[0;32m  OK  [0m] Listening on Journal Socket (/dev/log).
[[0;32m  OK  [0m] Listening on Syslog Socket.
[[0;32m  OK  [0m] Listening on Network Service Netlink Socket.
[[0;32m  OK  [0m] Reached target Swap.
[[0;32m  OK  [0m] Reached target System Time Synchronized.
[[0;32m  OK  [0m] Listening on udev Kernel Socket.
[[0;32m  OK  [0m] Reached target Mounting snaps.
[[0;32m  OK  [0m] Reached target Mounted snaps.
[[0;32m  OK  [0m] Listening on Device-mapper event daemon FIFOs.
[[0;32m  OK  [0m] Listening on Journal Socket.
         Starting Set the console keyboard layout...
         Mounting POSIX Message Queue File System...
         Starting Journal Service...
         Starting Load Kernel Modules...
         Starting udev Coldplug all Devices...
         Mounting Kernel Debug File System...
         Starting Uncomplicated firewall...
         Starting Create list of required stâ€¦ce nodes for the current kernel...
         Starting File System Check on Root Device...
         Mounting Huge Pages File System...
[[0;32m  OK  [0m] Listening on LVM2 metadata daemon socket.
         Starting Monitoring of LVM2 mirrorsâ€¦ng dmeventd or progress polling...
[[0;32m  OK  [0m] Reached target Slices.
[[0;32m  OK  [0m] Started Journal Service.
[   10.410442] Loading iSCSI transport class v2.0-870.
[   10.415757] iscsi: registered transport (tcp)
[[0;32m  OK  [0m] Started udev Coldplug all Devices.
[[0;32m  OK  [0m] Started Uncomplicated firewall.
[[0;32m  OK  [0m] Started Create list of required staâ€¦vice nodes for the current kernel.
[[0;32m  OK  [0m] Started File System Check Daemon to report status.
         Starting Create Static Device Nodes in /dev...
[[0;32m  OK  [0m] Started LVM2 metadata daemon.
[[0;32m  OK  [0m] Mounted Huge Pages File System.
[[0;32m  OK  [0m] Mounted POSIX Message Queue File System.
[[0;32m  OK  [0m] Mounted Kernel Debug File System.
[[0;32m  OK  [0m] Started File System Check on Root Device.
         Starting Remount Root and Kernel File Systems...
[   10.478790] iscsi: registered transport (iser)
[[0;32m  OK  [0m] Started Load Kernel Modules.
         Starting Apply Kernel Variables...
         Mounting FUSE Control File System...
         Mounting Kernel Configuration File System...
[[0;32m  OK  [0m] Mounted FUSE Control File System.
[[0;32m  OK  [0m] Mounted Kernel Configuration File System.
[[0;32m  OK  [0m] Started Create Static Device Nodes in /dev.
[[0;32m  OK  [0m] Started Remount Root and Kernel File Systems.
[[0;32m  OK  [0m] Started Apply Kernel Variables.
         Starting Flush Journal to Persistent Storage...
         Starting udev Kernel Device Manager...
         Starting Load/Save Random Seed...
[[0;32m  OK  [0m] Started Monitoring of LVM2 mirrors,â€¦sing dmeventd or progress polling.
[[0;32m  OK  [0m] Started Load/Save Random Seed.
[[0;32m  OK  [0m] Started udev Kernel Device Manager.
[[0;32m  OK  [0m] Started Flush Journal to Persistent Storage.
[[0;32m  OK  [0m] Found device /dev/ttyS0.
[[0;32m  OK  [0m] Listening on Load/Save RF Kill Switch Status /dev/rfkill Watch.
         Mounting Arbitrary Executable File Formats File System...
[[0;32m  OK  [0m] Mounted Arbitrary Executable File Formats File System.
[[0;32m  OK  [0m] Started Set the console keyboard layout.
[[0;32m  OK  [0m] Started Dispatch Password Requests to Console Directory Watch.
[[0;32m  OK  [0m] Reached target Local Encrypted Volumes.
[[0;32m  OK  [0m] Reached target Local File Systems (Pre).
[[0;32m  OK  [0m] Reached target Local File Systems.
         Starting Create Volatile Files and Directories...
         Starting Commit a transient machine-id on disk...
         Starting Set console font and keymap...
         Starting ebtables ruleset management...
         Starting AppArmor initialization...
         Starting Tell Plymouth To Write Out Runtime Data...
[[0;32m  OK  [0m] Started Tell Plymouth To Write Out Runtime Data.
[[0;32m  OK  [0m] Started Create Volatile Files and Directories.
         Starting Update UTMP about System Boot/Shutdown...
[[0;32m  OK  [0m] Started Update UTMP about System Boot/Shutdown.
[[0;32m  OK  [0m] Started Commit a transient machine-id on disk.
[[0;32m  OK  [0m] Started ebtables ruleset management.
[[0;32m  OK  [0m] Started AppArmor initialization.
         Starting Initial cloud-init job (pre-networking)...
         Starting Load AppArmor profiles managed internally by snapd...
[[0;32m  OK  [0m] Started Load AppArmor profiles managed internally by snapd.
[[0;32m  OK  [0m] Started Set console font and keymap.
[   12.482587] cloud-init[851]: Cloud-init v. 23.1.2-0ubuntu0~18.04.1 running 'init-local' at Sat, 15 Jun 2024 04:22:31 +0000. Up 12.27 seconds.
[[0;32m  OK  [0m] Started Initial cloud-init job (pre-networking).
[[0;32m  OK  [0m] Reached target Network (Pre).
         Starting Network Service...
[[0;32m  OK  [0m] Started Network Service.
         Starting Wait for Network to be Configured...
         Starting Network Name Resolution...
[[0;32m  OK  [0m] Started Network Name Resolution.
[[0;32m  OK  [0m] Reached target Network.
[[0;32m  OK  [0m] Reached target Host and Network Name Lookups.
[[0;32m  OK  [0m] Started Wait for Network to be Configured.
         Starting Initial cloud-init job (metadata service crawler)...
[   13.974373] cloud-init[1021]: Cloud-init v. 23.1.2-0ubuntu0~18.04.1 running 'init' at Sat, 15 Jun 2024 04:22:32 +0000. Up 13.89 seconds.
[   13.975302] cloud-init[1021]: ci-info: ++++++++++++++++++++++++++++++++++++++Net device info+++++++++++++++++++++++++++++++++++++++
[   13.976222] cloud-init[1021]: ci-info: +--------+-------+----------------------------+---------------+--------+-------------------+
[   13.977062] cloud-init[1021]: ci-info: | Device |   Up  |          Address           |      Mask     | Scope  |     Hw-Address    |
[   13.977901] cloud-init[1021]: ci-info: +--------+-------+----------------------------+---------------+--------+-------------------+
[   13.978727] cloud-init[1021]: ci-info: | enp0s3 |  True |         10.0.2.15          | 255.255.255.0 | global | 02:3b:7b:b7:3b:2d |
[   13.979554] cloud-init[1021]: ci-info: | enp0s3 |  True | fe80::3b:7bff:feb7:3b2d/64 |       .       |  link  | 02:3b:7b:b7:3b:2d |
[   13.980395] cloud-init[1021]: ci-info: | enp0s8 | False |             .              |       .       |   .    | 08:00:27:d7:04:59 |
[   13.981205] cloud-init[1021]: ci-info: |   lo   |  True |         127.0.0.1          |   255.0.0.0   |  host  |         .         |
[   13.982041] cloud-init[1021]: ci-info: |   lo   |  True |          ::1/128           |       .       |  host  |         .         |
[   13.982846] cloud-init[1021]: ci-info: +--------+-------+----------------------------+---------------+--------+-------------------+
[   13.983656] cloud-init[1021]: ci-info: ++++++++++++++++++++++++++++Route IPv4 info+++++++++++++++++++++++++++++
[   13.984399] cloud-init[1021]: ci-info: +-------+-------------+----------+-----------------+-----------+-------+
[   13.985110] cloud-init[1021]: ci-info: | Route | Destination | Gateway  |     Genmask     | Interface | Flags |
[   13.985860] cloud-init[1021]: ci-info: +-------+-------------+----------+-----------------+-----------+-------+
[   13.986545] cloud-init[1021]: ci-info: |   0   |   0.0.0.0   | 10.0.2.2 |     0.0.0.0     |   enp0s3  |   UG  |
[   13.987252] cloud-init[1021]: ci-info: |   1   |   10.0.2.0  | 0.0.0.0  |  255.255.255.0  |   enp0s3  |   U   |
[   13.987975] cloud-init[1021]: ci-info: |   2   |   10.0.2.2  | 0.0.0.0  | 255.255.255.255 |   enp0s3  |   UH  |
[   13.988694] cloud-init[1021]: ci-info: +-------+-------------+----------+-----------------+-----------+-------+
[   13.990044] cloud-init[1021]: ci-info: +++++++++++++++++++Route IPv6 info+++++++++++++++++++
[   13.990677] cloud-init[1021]: ci-info: +-------+-------------+---------+-----------+-------+
[   13.991344] cloud-init[1021]: ci-info: | Route | Destination | Gateway | Interface | Flags |
[   13.991962] cloud-init[1021]: ci-info: +-------+-------------+---------+-----------+-------+
[   13.992631] cloud-init[1021]: ci-info: |   1   |  fe80::/64  |    ::   |   enp0s3  |   U   |
[   13.993249] cloud-init[1021]: ci-info: |   3   |    local    |    ::   |   enp0s3  |   U   |
[   13.993882] cloud-init[1021]: ci-info: |   4   |   ff00::/8  |    ::   |   enp0s3  |   U   |
[   13.994510] cloud-init[1021]: ci-info: +-------+-------------+---------+-----------+-------+
[   14.460199] cloud-init[1021]: Generating public/private rsa key pair.
[   14.460908] cloud-init[1021]: Your identification has been saved in /etc/ssh/ssh_host_rsa_key.
[   14.461668] cloud-init[1021]: Your public key has been saved in /etc/ssh/ssh_host_rsa_key.pub.
[   14.462351] cloud-init[1021]: The key fingerprint is:
[   14.462786] cloud-init[1021]: SHA256:zscf22ktqwRkXGNeVLW0kyv7G80c+aCH36+qMXigKl4 root@ubuntu-bionic
[   14.463437] cloud-init[1021]: The key's randomart image is:
[   14.463898] cloud-init[1021]: +---[RSA 2048]----+
[   14.464344] cloud-init[1021]: |            +.oo+|
[   14.464764] cloud-init[1021]: |         . + o. +|
[   14.465180] cloud-init[1021]: |          + .  = |
[   14.465602] cloud-init[1021]: |         o      +|
[   14.466055] cloud-init[1021]: |        S .  ..+ |
[   14.466470] cloud-init[1021]: |       + + . oo++|
[   14.466878] cloud-init[1021]: |    E . + * =..o=|
[   14.467292] cloud-init[1021]: |  .. .   o = *+oo|
[   14.467701] cloud-init[1021]: | ....     ..=+**=|
[   14.468194] cloud-init[1021]: +----[SHA256]-----+
[   14.468607] cloud-init[1021]: Generating public/private dsa key pair.
[   14.469114] cloud-init[1021]: Your identification has been saved in /etc/ssh/ssh_host_dsa_key.
[   14.469742] cloud-init[1021]: Your public key has been saved in /etc/ssh/ssh_host_dsa_key.pub.
[   14.470327] cloud-init[1021]: The key fingerprint is:
[   14.470775] cloud-init[1021]: SHA256:nAj61EAoOdJP0ddK+fjPuzjcmv8Xp+L2A48bBf5DXTU root@ubuntu-bionic
[   14.471434] cloud-init[1021]: The key's randomart image is:
[   14.471888] cloud-init[1021]: +---[DSA 1024]----+
[   14.472314] cloud-init[1021]: | o .oo   o     E.|
[   14.472632] cloud-init[1021]: |= o.. . + .     o|
[   14.473059] cloud-init[1021]: |.o oo  o +  .   .|
[   14.473484] cloud-init[1021]: |   ..+ oo... . ..|
[   14.473913] cloud-init[1021]: |  . . o S.  . o .|
[   14.474338] cloud-init[1021]: |   o      . .+ ..|
[   14.474763] cloud-init[1021]: |    .    . +.+o.o|
[   14.475178] cloud-init[1021]: |          ooB.+..|
[   14.475596] cloud-init[1021]: |          +**Boo |
[   14.476016] cloud-init[1021]: +----[SHA256]-----+
[   14.476485] cloud-init[1021]: Generating public/private ecdsa key pair.
[   14.477044] cloud-init[1021]: Your identification has been saved in /etc/ssh/ssh_host_ecdsa_key.
[   14.477777] cloud-init[1021]: Your public key has been saved in /etc/ssh/ssh_host_ecdsa_key.pub.
[   14.478698] cloud-init[1021]: The key fingerprint is:
[   14.479482] cloud-init[1021]: SHA256:ZdBaVhMJl8AxXWDXWEIt2CE6u5UUOCY8QFVEpLjsTKw root@ubuntu-bionic
[   14.480562] cloud-init[1021]: The key's randomart image is:
[   14.481371] cloud-init[1021]: +---[ECDSA 256]---+
[   14.482050] cloud-init[1021]: |     .o+oBXBXX**.|
[   14.492262] [[0;32m  OK  [0m] Started Initial cloud-init job (metadata service crawler).
[[0;32m  OK  [0m] Reached target Cloud-config availability.
cloud-init[1021]: |       .+oO===+.o|
[   14.493414] [[0;32m  OK  [0m] Reached target Network is Online.
cloud-init[1021]: |      . .B=..  . |
[   14.494128] cloud-init[1021]: |     o ..o + .   |
[   14.494543]          Starting Availability of block devices...
[[0;32m  OK  [0m] Reached target Remote File Systems (Pre).
[[0;32m  OK  [0m] Reached target Remote File Systems.
[[0;32m  OK  [0m] Reached target System Initialization.
[[0;32m  OK  [0m] Started Daily Cleanup of Temporary Directories.
cloud-init         Starting Socket activation for snappy daemon.
[1021]: |      = S . o    |
[[0;32m  OK  [0m] Started ACPI Events Check.
[[0;32m  OK  [0m] Reached target Paths.
[[0;32m  OK  [0m] Listening on D-Bus System Message Bus Socket.
[[0;32m  OK  [0m] Listening on cloud-init hotplug hook socket.
[[0;32m  OK  [0m] Started Ubuntu Advantage Timer for running repeated jobs.
[[0;32m  OK  [0m] Listening on UUID daemon activation socket.
[[0;32m  OK  [0m] Listening on ACPID Listen Socket.
[[0;32m  OK  [0m] Listening on Open-iSCSI iscsid Socket.
[[0;32m  OK  [0m] Started Daily apt download activities.
[[0;32m  OK  [0m] Started Message of the Day.
         Starting LXD - unix socket.
[[0;32m  OK  [0m] Started Daily apt upgrade and clean activities.
[[0;32m  OK  [0m] Started Discard unused blocks once a week.
[[0;32m  OK  [0m] Reached target Timers.
[[0;32m  OK  [0m] Listening on Socket activation for snappy daemon.
[[0;32m  OK  [0m] Listening on LXD - unix socket.
[[0;32m  OK  [0m] Reached target Sockets.
[[0;32m  OK  [0m] Reached target Basic System.
         Starting Accounts Service...
         Starting Virtualbox guest utils...
[   14.501074] cloud-init[1021]: |     =     o     |
[[0;32m  OK  [0m] Started Regular background program processing daemon.
[   14.527155] cloud-init[[0;32m  OK  [0m] Started Deferred execution scheduler.
[1021]: |    E o   .      |
[   14.528105] cloud-init[1021]: |                 |
[   14.528958] cloud-init[1021]: |                 |
[   14.529593] cloud-init[1021]: +----[SHA256]-----+
[   14.530190] cloud-init[1021]: Generating public/private ed25519 key pair.
[   14.531001] cloud-init[1021]: Your identification has been saved in /etc/ssh/ssh_host_ed25519_key.
[   14.531809] cloud-init[1021]: Your public key has been saved in /etc/ssh/ssh_host_ed25519_key.pub.
[   14.533207] cloud-init[1021]: The key fingerprint is:
[   14.533700] cloud-init[1021]: SHA256:Z52NA6FvqLB42EVV7JxvildXGxH6dtYIRde+ZOc9MY8 root@ubuntu-bionic
[   14.534486] cloud-init[1021]: The key's randomart image is:
[   14.536114] cloud-init[1021]: +--[ED25519 256]--+
[   14.536566] cloud-init[1021]: |        .oo  .o.+|
[   14.537038] cloud-init[1021]: |       . ... ..o.|
[   14.539079] cloud-init[1021]: |      . .o.... ..|
[   14.539926] cloud-init[1021]: |     .   o+o =.B=|
[   14.540396] cloud-init[1021]: |    . . S =.= =*&|
[   14.540805] cloud-init[1021]: |   + + . +  +.E==|
[   14.541209] cloud-init[1021]: |  o + .  . + .  .|
[   14.541637] cloud-init[1021]: |   .    . o      |
[   14.542102] cloud-init[1021]: |         .       |
[   14.542976] cloud-init[1021]: +----[SHA256]-----+
[[0;32m  OK  [0m] Started irqbalance daemon.
[[0;32m  OK  [0m] Started D-Bus System Message Bus.
         Starting LSB: Record successful boot for GRUB...
         Starting LXD - container startup/shutdown...
         Starting Snap Daemon...
         Starting Login Service...
         Starting Permit User Sessions...
         Starting LSB: automatic crash report generation...
[[0;32m  OK  [0m] Started FUSE filesystem for LXC.
         Starting Pollinate to seed the pseudo random number generator...
         Starting Dispatcher daemon for systemd-networkd...
         Starting System Logging Service...
[[0;32m  OK  [0m] Reached target Login Prompts (Pre).
[[0;32m  OK  [0m] Started Availability of block devices.
[[0;32m  OK  [0m] Started LXD - container startup/shutdown.
[[0;32m  OK  [0m] Started Permit User Sessions.
         Starting Hold until boot process finishes up...
         Starting Terminate Plymouth Boot Screen...
[[0;32m  OK  [0m] Started Hold until boot process finishes up.
         Starting Set console scheme...
[[0;32m  OK  [0m] Started Serial Getty on ttyS0.
[[0;32m  OK  [0m] Started Terminate Plymouth Boot Screen.
[[0;32m  OK  [0m] Started LSB: automatic crash report generation.
[[0;32m  OK  [0m] Started System Logging Service.
[[0;32m  OK  [0m] Started Login Service.
[[0;32m  OK  [0m] Started Unattended Upgrades Shutdown.
[[0;32m  OK  [0m] Started Set console scheme.
[[0;32m  OK  [0m] Created slice system-getty.slice.
[[0;32m  OK  [0m] Started Getty on tty1.
[[0;32m  OK  [0m] Reached target Login Prompts.
         Starting Authorization Manager...
[[0;32m  OK  [0m] Started LSB: Record successful boot for GRUB.
[[0;32m  OK  [0m] Started Virtualbox guest utils.
[[0;32m  OK  [0m] Started Authorization Manager.
[[0;32m  OK  [0m] Started Accounts Service.
[[0;32m  OK  [0m] Started Dispatcher daemon for systemd-networkd.
[[0;32m  OK  [0m] Started Snap Daemon.
         Starting Wait until snapd is fully seeded...
         Starting Time & Date Service...
[[0;32m  OK  [0m] Started Time & Date Service.
[[0;32m  OK  [0m] Started Wait until snapd is fully seeded.
         Starting Apply the settings specified in cloud-config...
[[0;32m  OK  [0m] Started Pollinate to seed the pseudo random number generator.
         Starting OpenBSD Secure Shell server...
[[0;32m  OK  [0m] Started OpenBSD Secure Shell server.
[   16.935032] cloud-init[1564]: Cloud-init v. 23.1.2-0ubuntu0~18.04.1 running 'modules:config' at Sat, 15 Jun 2024 04:22:35 +0000. Up 16.70 seconds.
[[0;32m  OK  [0m] Started Apply the settings specified in cloud-config.
[[0;32m  OK  [0m] Reached target Multi-User System.
         Starting Execute cloud user/final scripts...
[[0;32m  OK  [0m] Reached target Graphical Interface.
         Starting Update UTMP about System Runlevel Changes...
[[0;32m  OK  [0m] Started Update UTMP about System Runlevel Changes.
ci-info: no authorized SSH keys fingerprints found for user ubuntu.
<14>Jun 15 04:22:36 cloud-init: #############################################################
<14>Jun 15 04:22:36 cloud-init: -----BEGIN SSH HOST KEY FINGERPRINTS-----
<14>Jun 15 04:22:36 cloud-init: 1024 SHA256:nAj61EAoOdJP0ddK+fjPuzjcmv8Xp+L2A48bBf5DXTU root@ubuntu-bionic (DSA)
<14>Jun 15 04:22:36 cloud-init: 256 SHA256:ZdBaVhMJl8AxXWDXWEIt2CE6u5UUOCY8QFVEpLjsTKw root@ubuntu-bionic (ECDSA)
<14>Jun 15 04:22:36 cloud-init: 256 SHA256:Z52NA6FvqLB42EVV7JxvildXGxH6dtYIRde+ZOc9MY8 root@ubuntu-bionic (ED25519)
<14>Jun 15 04:22:36 cloud-init: 2048 SHA256:zscf22ktqwRkXGNeVLW0kyv7G80c+aCH36+qMXigKl4 root@ubuntu-bionic (RSA)
<14>Jun 15 04:22:36 cloud-init: -----END SSH HOST KEY FINGERPRINTS-----
<14>Jun 15 04:22:36 cloud-init: #############################################################
-----BEGIN SSH HOST KEY KEYS-----
ecdsa-sha2-nistp256 AAAAE2VjZHNhLXNoYTItbmlzdHAyNTYAAAAIbmlzdHAyNTYAAABBBLhbOyMCoEt1ffln57yCG7ELYZNK+IaSI2VDZtURQU6seYSzgVA4wLTUs1C74geL3tzQd+upF034LyEec6I0wsU= root@ubuntu-bionic
ssh-ed25519 AAAAC3NzaC1lZDI1NTE5AAAAIHsANnlzn3TwWEPbAD6XKnIUU7BrXiE27jJWKTRbnv46 root@ubuntu-bionic
ssh-rsa AAAAB3NzaC1yc2EAAAADAQABAAABAQCS+9qgYA88cRd5Un3UAkJ8rC8NugynFCsGgLdbedWbrR9cmEiFhNXgk8gero+7ZKTONs7qzxCS4gFQyPBR2lhn73OYdlXHnYoP4OWTiH4acpjeE9lWnAzb0ASAuT6LZdf0deBYUFasdSxTuy93uPneOU3lanaK12bDnNph2YCdwroWY9HuD0BpaE4FJEQgFt4y/Z4lqCqXWQRt2pARTQRuBmP0WYpKdqErQst7XvPHbJ58c6Qkrbo3FEtvWPBb8PPy7MWPnRvrXS9RM/1HVbdEHRC4lvskAojGmN9ajRQOfrhtPUtbDVSfFSQIuzON9SC5g32MzzccIFamWW4Adi4j root@ubuntu-bionic
-----END SSH HOST KEY KEYS-----
[   17.309888] cloud-init[1635]: Cloud-init v. 23.1.2-0ubuntu0~18.04.1 running 'modules:final' at Sat, 15 Jun 2024 04:22:36 +0000. Up 17.18 seconds.
[   17.310902] cloud-init[1635]: Cloud-init v. 23.1.2-0ubuntu0~18.04.1 finished at Sat, 15 Jun 2024 04:22:36 +0000. Datasource DataSourceNoCloud [seed=/dev/sdb][dsmode=net].  Up 17.30 seconds
[[0;32m  OK  [0m] Started Execute cloud user/final scripts.
[[0;32m  OK  [0m] Reached target Cloud-init target.

Ubuntu 18.04.6 LTS ubuntu-bionic ttyS0

ubuntu-bionic login: 