[    0.000000] Linux version 4.15.0-212-generic (buildd@lcy02-amd64-083) (gcc version 7.5.0 (Ubuntu 7.5.0-3ubuntu1~18.04)) #223-Ubuntu SMP Tue May 23 13:09:22 UTC 2023 (Ubuntu 4.15.0-212.223-generic 4.15.18)
[    0.000000] Command line: BOOT_IMAGE=/boot/vmlinuz-4.15.0-212-generic root=LABEL=cloudimg-rootfs ro console=tty1 console=ttyS0
[    0.000000] KERNEL supported cpus:
[    0.000000]   Intel GenuineIntel
[    0.000000]   AMD AuthenticAMD
[    0.000000]   Centaur CentaurHauls
[    0.000000] x86/fpu: Supporting XSAVE feature 0x001: 'x87 floating point registers'
[    0.000000] x86/fpu: Supporting XSAVE feature 0x002: 'SSE registers'
[    0.000000] x86/fpu: Supporting XSAVE feature 0x004: 'AVX registers'
[    0.000000] x86/fpu: xstate_offset[2]:  576, xstate_sizes[2]:  256
[    0.000000] x86/fpu: Enabled xstate features 0x7, context size is 832 bytes, using 'standard' format.
[    0.000000] e820: BIOS-provided physical RAM map:
[    0.000000] BIOS-e820: [mem 0x0000000000000000-0x000000000009fbff] usable
[    0.000000] BIOS-e820: [mem 0x000000000009fc00-0x000000000009ffff] reserved
[    0.000000] BIOS-e820: [mem 0x00000000000f0000-0x00000000000fffff] reserved
[    0.000000] BIOS-e820: [mem 0x0000000000100000-0x000000003ffeffff] usable
[    0.000000] BIOS-e820: [mem 0x000000003fff0000-0x000000003fffffff] ACPI data
[    0.000000] BIOS-e820: [mem 0x00000000fec00000-0x00000000fec00fff] reserved
[    0.000000] BIOS-e820: [mem 0x00000000fee00000-0x00000000fee00fff] reserved
[    0.000000] BIOS-e820: [mem 0x00000000fffc0000-0x00000000ffffffff] reserved
[    0.000000] NX (Execute Disable) protection: active
[    0.000000] SMBIOS 2.5 present.
[    0.000000] DMI: innotek GmbH VirtualBox/VirtualBox, BIOS VirtualBox 12/01/2006
[    0.000000] Hypervisor detected: KVM
[    0.000000] e820: last_pfn = 0x3fff0 max_arch_pfn = 0x400000000
[    0.000000] MTRR: Disabled
[    0.000000] x86/PAT: MTRRs disabled, skipping PAT initialization too.
[    0.000000] CPU MTRRs all blank - virtualized system.
[    0.000000] x86/PAT: Configuration [0-7]: WB  WT  UC- UC  WB  WT  UC- UC  
[    0.000000] found SMP MP-table at [mem 0x0009fff0-0x0009ffff]
[    0.000000] Scanning 1 areas for low memory corruption
[    0.000000] RAMDISK: [mem 0x3580d000-0x36bfdfff]
[    0.000000] ACPI: Early table checksum verification disabled
[    0.000000] ACPI: RSDP 0x00000000000E0000 000024 (v02 VBOX  )
[    0.000000] ACPI: XSDT 0x000000003FFF0030 00003C (v01 VBOX   VBOXXSDT 00000001 ASL  00000061)
[    0.000000] ACPI: FACP 0x000000003FFF00F0 0000F4 (v04 VBOX   VBOXFACP 00000001 ASL  00000061)
[    0.000000] ACPI: DSDT 0x000000003FFF0470 002325 (v02 VBOX   VBOXBIOS 00000002 INTL 20200925)
[    0.000000] ACPI: FACS 0x000000003FFF0200 000040
[    0.000000] ACPI: FACS 0x000000003FFF0200 000040
[    0.000000] ACPI: APIC 0x000000003FFF0240 00005C (v02 VBOX   VBOXAPIC 00000001 ASL  00000061)
[    0.000000] ACPI: SSDT 0x000000003FFF02A0 0001CC (v01 VBOX   VBOXCPUT 00000002 INTL 20200925)
[    0.000000] ACPI: Reserving FACP table memory at [mem 0x3fff00f0-0x3fff01e3]
[    0.000000] ACPI: Reserving DSDT table memory at [mem 0x3fff0470-0x3fff2794]
[    0.000000] ACPI: Reserving FACS table memory at [mem 0x3fff0200-0x3fff023f]
[    0.000000] ACPI: Reserving FACS table memory at [mem 0x3fff0200-0x3fff023f]
[    0.000000] ACPI: Reserving APIC table memory at [mem 0x3fff0240-0x3fff029b]
[    0.000000] ACPI: Reserving SSDT table memory at [mem 0x3fff02a0-0x3fff046b]
[    0.000000] No NUMA configuration found
[    0.000000] Faking a node at [mem 0x0000000000000000-0x000000003ffeffff]
[    0.000000] NODE_DATA(0) allocated [mem 0x3ffc5000-0x3ffeffff]
[    0.000000] kvm-clock: cpu 0, msr 0:3ff44001, primary cpu clock
[    0.000000] kvm-clock: Using msrs 4b564d01 and 4b564d00
[    0.000000] kvm-clock: using sched offset of 3072181245 cycles
[    0.000000] clocksource: kvm-clock: mask: 0xffffffffffffffff max_cycles: 0x1cd42e4dffb, max_idle_ns: 881590591483 ns
[    0.000000] Zone ranges:
[    0.000000]   DMA      [mem 0x0000000000001000-0x0000000000ffffff]
[    0.000000]   DMA32    [mem 0x0000000001000000-0x000000003ffeffff]
[    0.000000]   Normal   empty
[    0.000000]   Device   empty
[    0.000000] Movable zone start for each node
[    0.000000] Early memory node ranges
[    0.000000]   node   0: [mem 0x0000000000001000-0x000000000009efff]
[    0.000000]   node   0: [mem 0x0000000000100000-0x000000003ffeffff]
[    0.000000] Reserved but unavailable: 104 pages
[    0.000000] Initmem setup node 0 [mem 0x0000000000001000-0x000000003ffeffff]
[    0.000000] ACPI: PM-Timer IO Port: 0x4008
[    0.000000] IOAPIC[0]: apic_id 2, version 32, address 0xfec00000, GSI 0-23
[    0.000000] ACPI: INT_SRC_OVR (bus 0 bus_irq 0 global_irq 2 dfl dfl)
[    0.000000] ACPI: INT_SRC_OVR (bus 0 bus_irq 9 global_irq 9 low level)
[    0.000000] Using ACPI (MADT) for SMP configuration information
[    0.000000] smpboot: Allowing 2 CPUs, 0 hotplug CPUs
[    0.000000] PM: Registered nosave memory: [mem 0x00000000-0x00000fff]
[    0.000000] PM: Registered nosave memory: [mem 0x0009f000-0x0009ffff]
[    0.000000] PM: Registered nosave memory: [mem 0x000a0000-0x000effff]
[    0.000000] PM: Registered nosave memory: [mem 0x000f0000-0x000fffff]
[    0.000000] e820: [mem 0x40000000-0xfebfffff] available for PCI devices
[    0.000000] Booting paravirtualized kernel on KVM
[    0.000000] clocksource: refined-jiffies: mask: 0xffffffff max_cycles: 0xffffffff, max_idle_ns: 7645519600211568 ns
[    0.000000] setup_percpu: NR_CPUS:8192 nr_cpumask_bits:2 nr_cpu_ids:2 nr_node_ids:1
[    0.000000] percpu: Embedded 50 pages/cpu s167936 r8192 d28672 u1048576
[    0.000000] PV qspinlock hash table entries: 256 (order: 0, 4096 bytes)
[    0.000000] Built 1 zonelists, mobility grouping on.  Total pages: 257913
[    0.000000] Policy zone: DMA32
[    0.000000] Kernel command line: BOOT_IMAGE=/boot/vmlinuz-4.15.0-212-generic root=LABEL=cloudimg-rootfs ro console=tty1 console=ttyS0
[    0.000000] Memory: 981752K/1048120K available (12300K kernel code, 2477K rwdata, 4324K rodata, 2480K init, 2720K bss, 66368K reserved, 0K cma-reserved)
[    0.000000] SLUB: HWalign=64, Order=0-3, MinObjects=0, CPUs=2, Nodes=1
[    0.000000] Kernel/User page tables isolation: enabled
[    0.000000] ftrace: allocating 39508 entries in 155 pages
[    0.004000] Hierarchical RCU implementation.
[    0.004000] 	RCU restricting CPUs from NR_CPUS=8192 to nr_cpu_ids=2.
[    0.004000] 	Tasks RCU enabled.
[    0.004000] RCU: Adjusting geometry for rcu_fanout_leaf=16, nr_cpu_ids=2
[    0.004000] NR_IRQS: 524544, nr_irqs: 440, preallocated irqs: 16
[    0.004000] random: crng init done
[    0.004000] Console: colour VGA+ 80x25
[    0.004000] console [tty1] enabled
[    0.004000] console [ttyS0] enabled
[    0.004000] ACPI: Core revision 20170831
[    0.004000] ACPI: 2 ACPI AML tables successfully acquired and loaded
[    0.004000] APIC: Switch to symmetric I/O mode setup
[    0.004000] x2apic enabled
[    0.004000] Switched APIC routing to physical x2apic.
[    0.004000] ..TIMER: vector=0x30 apic1=0 pin1=2 apic2=-1 pin2=-1
[    0.004000] tsc: Detected 2803.198 MHz processor
[    0.004000] Calibrating delay loop (skipped) preset value.. 5606.39 BogoMIPS (lpj=11212792)
[    0.004004] pid_max: default: 32768 minimum: 301
[    0.004521] Security Framework initialized
[    0.004984] Yama: becoming mindful.
[    0.005373] AppArmor: AppArmor initialized
[    0.006455] Dentry cache hash table entries: 131072 (order: 8, 1048576 bytes)
[    0.007362] Inode-cache hash table entries: 65536 (order: 7, 524288 bytes)
[    0.008012] Mount-cache hash table entries: 2048 (order: 2, 16384 bytes)
[    0.008776] Mountpoint-cache hash table entries: 2048 (order: 2, 16384 bytes)
[    0.009798] Last level iTLB entries: 4KB 0, 2MB 0, 4MB 0
[    0.010432] Last level dTLB entries: 4KB 0, 2MB 0, 4MB 0, 1GB 0
[    0.012009] Spectre V1 : Mitigation: usercopy/swapgs barriers and __user pointer sanitization
[    0.012827] Spectre V2 : Mitigation: Retpolines
[    0.013373] Spectre V2 : Spectre v2 / SpectreRSB mitigation: Filling RSB on context switch
[    0.014272] Spectre V2 : Spectre v2 / SpectreRSB : Filling RSB on VMEXIT
[    0.015034] Speculative Store Bypass: Vulnerable
[    0.015651] MDS: Mitigation: Clear CPU buffers
[    0.016139] Freeing SMP alternatives memory: 36K
[    0.127108] smpboot: CPU0: 11th Gen Intel(R) Core(TM) i7-1165G7 @ 2.80GHz (family: 0x6, model: 0x8c, stepping: 0x1)
[    0.128000] Performance Events: unsupported p6 CPU model 140 no PMU driver, software events only.
[    0.128000] Hierarchical SRCU implementation.
[    0.128142] NMI watchdog: Perf event create on CPU 0 failed with -2
[    0.128739] NMI watchdog: Perf NMI watchdog permanently disabled
[    0.129341] smp: Bringing up secondary CPUs ...
[    0.129850] x86: Booting SMP configuration:
[    0.130268] .... node  #0, CPUs:      #1
[    0.004000] kvm-clock: cpu 1, msr 0:3ff44041, secondary cpu clock
[    0.132016] smp: Brought up 1 node, 2 CPUs
[    0.132478] smpboot: Max logical packages: 1
[    0.132903] smpboot: Total of 2 processors activated (11212.79 BogoMIPS)
[    0.133620] devtmpfs: initialized
[    0.133620] x86/mm: Memory block size: 128MB
[    0.136065] evm: security.selinux
[    0.136412] evm: security.SMACK64
[    0.136753] evm: security.SMACK64EXEC
[    0.137126] evm: security.SMACK64TRANSMUTE
[    0.137617] evm: security.SMACK64MMAP
[    0.138067] evm: security.apparmor
[    0.138492] evm: security.ima
[    0.138876] evm: security.capability
[    0.139339] clocksource: jiffies: mask: 0xffffffff max_cycles: 0xffffffff, max_idle_ns: 7645041785100000 ns
[    0.140007] futex hash table entries: 512 (order: 3, 32768 bytes)
[    0.140809] pinctrl core: initialized pinctrl subsystem
[    0.142668] RTC time:  6:09:46, date: 06/15/24
[    0.143350] NET: Registered protocol family 16
[    0.144079] audit: initializing netlink subsys (disabled)
[    0.144655] audit: type=2000 audit(1718431790.509:1): state=initialized audit_enabled=0 res=1
[    0.144854] cpuidle: using governor ladder
[    0.144854] cpuidle: using governor menu
[    0.144869] ACPI: bus type PCI registered
[    0.145273] acpiphp: ACPI Hot Plug PCI Controller Driver version: 0.5
[    0.148064] PCI: Using configuration type 1 for base access
[    0.148654] HugeTLB registered 2.00 MiB page size, pre-allocated 0 pages
[    0.148756] ACPI: Added _OSI(Module Device)
[    0.148756] ACPI: Added _OSI(Processor Device)
[    0.149043] ACPI: Added _OSI(3.0 _SCP Extensions)
[    0.149503] ACPI: Added _OSI(Processor Aggregator Device)
[    0.152006] ACPI: Added _OSI(Linux-Dell-Video)
[    0.152444] ACPI: Added _OSI(Linux-Lenovo-NV-HDMI-Audio)
[    0.153000] ACPI: Added _OSI(Linux-HPI-Hybrid-Graphics)
[    0.153685] ACPI: Executed 1 blocks of module-level executable AML code
[    0.156979] ACPI: Interpreter enabled
[    0.157397] ACPI: (supports S0 S5)
[    0.157747] ACPI: Using IOAPIC for interrupt routing
[    0.158453] PCI: Using host bridge windows from ACPI; if necessary, use "pci=nocrs" and report a bug
[    0.159672] ACPI: Enabled 2 GPEs in block 00 to 07
[    0.163739] ACPI: PCI Root Bridge [PCI0] (domain 0000 [bus 00-ff])
[    0.164010] acpi PNP0A03:00: _OSC: OS supports [ASPM ClockPM Segments MSI]
[    0.165031] acpi PNP0A03:00: _OSC: not requesting OS control; OS requires [ExtendedConfig ASPM ClockPM MSI]
[    0.166012] acpi PNP0A03:00: fail to add MMCONFIG information, can't access extended PCI configuration space under this bridge.
[    0.168062] PCI host bridge to bus 0000:00
[    0.168470] pci_bus 0000:00: root bus resource [io  0x0000-0x0cf7 window]
[    0.169133] pci_bus 0000:00: root bus resource [io  0x0d00-0xffff window]
[    0.169776] pci_bus 0000:00: root bus resource [mem 0x000a0000-0x000bffff window]
[    0.170520] pci_bus 0000:00: root bus resource [mem 0x40000000-0xfdffffff window]
[    0.171706] pci_bus 0000:00: root bus resource [bus 00-ff]
[    0.173070] pci 0000:00:01.1: legacy IDE quirk: reg 0x10: [io  0x01f0-0x01f7]
[    0.173778] pci 0000:00:01.1: legacy IDE quirk: reg 0x14: [io  0x03f6]
[    0.174537] pci 0000:00:01.1: legacy IDE quirk: reg 0x18: [io  0x0170-0x0177]
[    0.176010] pci 0000:00:01.1: legacy IDE quirk: reg 0x1c: [io  0x0376]
[    0.184242] pci 0000:00:07.0: quirk: [io  0x4000-0x403f] claimed by PIIX4 ACPI
[    0.185494] pci 0000:00:07.0: quirk: [io  0x4100-0x410f] claimed by PIIX4 SMB
[    0.194134] ACPI: PCI Interrupt Link [LNKA] (IRQs 5 9 10 *11)
[    0.200229] ACPI: PCI Interrupt Link [LNKB] (IRQs 5 9 *10 11)
[    0.200978] ACPI: PCI Interrupt Link [LNKC] (IRQs 5 *9 10 11)
[    0.201781] ACPI: PCI Interrupt Link [LNKD] (IRQs 5 9 10 *11)
[    0.203083] SCSI subsystem initialized
[    0.203641] pci 0000:00:02.0: vgaarb: setting as boot VGA device
[    0.203641] pci 0000:00:02.0: vgaarb: VGA device added: decodes=io+mem,owns=io+mem,locks=none
[    0.204025] pci 0000:00:02.0: vgaarb: bridge control possible
[    0.204862] vgaarb: loaded
[    0.205365] ACPI: bus type USB registered
[    0.208077] usbcore: registered new interface driver usbfs
[    0.210220] usbcore: registered new interface driver hub
[    0.212018] usbcore: registered new device driver usb
[    0.212902] EDAC MC: Ver: 3.0.0
[    0.212902] PCI: Using ACPI for IRQ routing
[    0.212902] NetLabel: Initializing
[    0.213025] NetLabel:  domain hash size = 128
[    0.213458] NetLabel:  protocols = UNLABELED CIPSOv4 CALIPSO
[    0.216027] NetLabel:  unlabeled traffic allowed by default
[    0.216595] clocksource: Switched to clocksource kvm-clock
[    0.225574] VFS: Disk quotas dquot_6.6.0
[    0.226051] VFS: Dquot-cache hash table entries: 512 (order 0, 4096 bytes)
[    0.227433] AppArmor: AppArmor Filesystem Enabled
[    0.227993] pnp: PnP ACPI init
[    0.228985] pnp: PnP ACPI: found 3 devices
[    0.236506] clocksource: acpi_pm: mask: 0xffffff max_cycles: 0xffffff, max_idle_ns: 2085701024 ns
[    0.237885] NET: Registered protocol family 2
[    0.238455] IP idents hash table entries: 16384 (order: 5, 131072 bytes)
[    0.240044] TCP established hash table entries: 8192 (order: 4, 65536 bytes)
[    0.240881] TCP bind hash table entries: 8192 (order: 5, 131072 bytes)
[    0.241638] TCP: Hash tables configured (established 8192 bind 8192)
[    0.242349] UDP hash table entries: 512 (order: 2, 16384 bytes)
[    0.243041] UDP-Lite hash table entries: 512 (order: 2, 16384 bytes)
[    0.243805] NET: Registered protocol family 1
[    0.244342] pci 0000:00:00.0: Limiting direct PCI/PCI transfers
[    0.245042] pci 0000:00:01.0: Activating ISA DMA hang workarounds
[    0.245771] pci 0000:00:02.0: Video device with shadowed ROM at [mem 0x000c0000-0x000dffff]
[    0.246818] Unpacking initramfs...
[    0.454312] Freeing initrd memory: 20420K
[    0.454866] clocksource: tsc: mask: 0xffffffffffffffff max_cycles: 0x28680e0a5c3, max_idle_ns: 440795346756 ns
[    0.456365] platform rtc_cmos: registered platform RTC device (no PNP device found)
[    0.457258] Scanning for low memory corruption every 60 seconds
[    0.458238] Initialise system trusted keyrings
[    0.458711] Key type blacklist registered
[    0.459204] workingset: timestamp_bits=36 max_order=18 bucket_order=0
[    0.460514] zbud: loaded
[    0.461233] squashfs: version 4.0 (2009/01/31) Phillip Lougher
[    0.461929] fuse init (API version 7.26)
[    0.463308] Key type asymmetric registered
[    0.463732] Asymmetric key parser 'x509' registered
[    0.464249] Block layer SCSI generic (bsg) driver version 0.4 loaded (major 246)
[    0.464997] io scheduler noop registered
[    0.465463] io scheduler deadline registered
[    0.465902] io scheduler cfq registered (default)
[    0.466569] ACPI: AC Adapter [AC] (off-line)
[    0.467036] input: Power Button as /devices/LNXSYSTM:00/LNXPWRBN:00/input/input0
[    0.467785] ACPI: Power Button [PWRF]
[    0.468202] input: Sleep Button as /devices/LNXSYSTM:00/LNXSLPBN:00/input/input1
[    0.468918] ACPI: Sleep Button [SLPF]
[    0.469839] ACPI: Battery Slot [BAT0] (battery present)
[    0.470433] Serial: 8250/16550 driver, 32 ports, IRQ sharing enabled
[    0.491730] 00:02: ttyS0 at I/O 0x3f8 (irq = 4, base_baud = 115200) is a 16550A
[    0.494329] Linux agpgart interface v0.103
[    0.495581] loop: module loaded
[    0.497009] scsi host0: ata_piix
[    0.498093] scsi host1: ata_piix
[    0.499073] ata1: PATA max UDMA/33 cmd 0x1f0 ctl 0x3f6 bmdma 0xd000 irq 14
[    0.499842] ata2: PATA max UDMA/33 cmd 0x170 ctl 0x376 bmdma 0xd008 irq 15
[    0.500596] tun: Universal TUN/TAP device driver, 1.6
[    0.501149] PPP generic driver version 2.4.2
[    0.501637] ehci_hcd: USB 2.0 'Enhanced' Host Controller (EHCI) Driver
[    0.502274] ehci-pci: EHCI PCI platform driver
[    0.502722] ehci-platform: EHCI generic platform driver
[    0.503227] ohci_hcd: USB 1.1 'Open' Host Controller (OHCI) Driver
[    0.503815] ohci-pci: OHCI PCI platform driver
[    0.504284] ohci-platform: OHCI generic platform driver
[    0.504923] uhci_hcd: USB Universal Host Controller Interface driver
[    0.505853] i8042: PNP: PS/2 Controller [PNP0303:PS2K,PNP0f03:PS2M] at 0x60,0x64 irq 1,12
[    0.507037] serio: i8042 KBD port at 0x60,0x64 irq 1
[    0.507573] serio: i8042 AUX port at 0x60,0x64 irq 12
[    0.508181] mousedev: PS/2 mouse device common for all mice
[    0.508998] input: AT Translated Set 2 keyboard as /devices/platform/i8042/serio0/input/input2
[    0.510048] rtc_cmos rtc_cmos: rtc core: registered rtc_cmos as rtc0
[    0.510720] rtc_cmos rtc_cmos: alarms up to one day, 114 bytes nvram
[    0.511347] i2c /dev entries driver
[    0.511753] device-mapper: uevent: version 1.0.3
[    0.512409] device-mapper: ioctl: 4.37.0-ioctl (2017-09-20) initialised: dm-devel@redhat.com
[    0.513269] ledtrig-cpu: registered to indicate activity on CPUs
[    0.514089] NET: Registered protocol family 10
[    0.516914] Segment Routing with IPv6
[    0.517356] NET: Registered protocol family 17
[    0.517862] Key type dns_resolver registered
[    0.518467] mce: Using 0 MCE banks
[    0.518840] RAS: Correctable Errors collector initialized.
[    0.519396] sched_clock: Marking stable (518447561, 0)->(628893079, -110445518)
[    0.520385] registered taskstats version 1
[    0.520828] Loading compiled-in X.509 certificates
[    0.523101] Loaded X.509 cert 'Build time autogenerated kernel key: b5b26778eaa3ab3a4a6cee031137706e947d12ad'
[    0.524537] Loaded X.509 cert 'Canonical Ltd. Live Patch Signing: 14df34d1a87cf37625abec039ef2bf521249b969'
[    0.525880] Loaded X.509 cert 'Canonical Ltd. Kernel Module Signing: 88f752e560a1e0737e31163a466ad7b70a850c19'
[    0.526866] blacklist: Loading compiled-in revocation X.509 certificates
[    0.527544] Loaded X.509 cert 'Canonical Ltd. Secure Boot Signing: 61482aa2830d0ab2ad5af10b7250da9033ddcef0'
[    0.528526] Loaded X.509 cert 'Canonical Ltd. Secure Boot Signing (2017): 242ade75ac4a15e50d50c84b0d45ff3eae707a03'
[    0.529520] Loaded X.509 cert 'Canonical Ltd. Secure Boot Signing (ESM 2018): 365188c1d374d6b07c3c8f240f8ef722433d6a8b'
[    0.530535] Loaded X.509 cert 'Canonical Ltd. Secure Boot Signing (2019): c0746fd6c5da3ae827864651ad66ae47fe24b3e8'
[    0.531529] Loaded X.509 cert 'Canonical Ltd. Secure Boot Signing (2021 v1): a8d54bbb3825cfb94fa13c9f8a594a195c107b8d'
[    0.532798] Loaded X.509 cert 'Canonical Ltd. Secure Boot Signing (2021 v2): 4cf046892d6fd3c9a5b03f98d845f90851dc6a8c'
[    0.534008] Loaded X.509 cert 'Canonical Ltd. Secure Boot Signing (2021 v3): 100437bb6de6e469b581e61cd66bce3ef4ed53af'
[    0.535236] Loaded X.509 cert 'Canonical Ltd. Secure Boot Signing (Ubuntu Core 2019): c1d57b8f6b743f23ee41f4f7ee292f06eecadfb9'
[    0.536593] zswap: loaded using pool lzo/zbud
[    0.539821] Key type big_key registered
[    0.540369] Key type trusted registered
[    0.541939] Key type encrypted registered
[    0.542444] AppArmor: AppArmor sha1 policy hashing enabled
[    0.543122] ima: No TPM chip found, activating TPM-bypass! (rc=-19)
[    0.543846] ima: Allocated hash algorithm: sha1
[    0.544436] evm: HMAC attrs: 0x1
[    0.544999]   Magic number: 12:377:165
[    0.545488]   hash matches /build/linux-Oi1dQn/linux-4.15.0/drivers/base/power/main.c:1675
[    0.546547] rtc_cmos rtc_cmos: setting system clock to 2024-06-15 06:09:46 UTC (1718431786)
[    0.547731] BIOS EDD facility v0.16 2004-Jun-25, 0 devices found
[    0.548489] EDD information not available.
[    0.684171] Freeing unused kernel image memory: 2480K
[    0.696106] Write protecting the kernel read-only data: 20480k
[    0.697411] Freeing unused kernel image memory: 2008K
[    0.698304] Freeing unused kernel image memory: 1820K
[    0.702625] x86/mm: Checked W+X mappings: passed, no W+X pages found.
[    0.703544] x86/mm: Checking user space page tables
[    0.706986] x86/mm: Checked W+X mappings: passed, no W+X pages found.
Loading, please wait...
starting version 237
[    0.746721] e1000: Intel(R) PRO/1000 Network Driver - version 7.3.21-k8-NAPI
[    0.747516] e1000: Copyright (c) 1999-2006 Intel Corporation.
[    0.751974] Fusion MPT base driver 3.04.20
[    0.752456] Copyright (c) 1999-2008 LSI Corporation
[    0.754553] vboxvideo: loading out-of-tree module taints kernel.
[    0.755344] vboxvideo: module verification failed: signature and/or required key missing - tainting kernel
[    0.757917] vboxvideo: loading version 6.1.50 r161033
[    0.758606] Fusion MPT SPI Host driver 3.04.20
[    0.772901] AVX2 version of gcm_enc/dec engaged.
[    0.773509] AES CTR mode by8 optimization enabled
[    0.986454] input: ImExPS/2 Generic Explorer Mouse as /devices/platform/i8042/serio1/input/input4
[    1.480319] e1000 0000:00:03.0 eth0: (PCI:33MHz:32-bit) 02:3b:7b:b7:3b:2d
[    1.481505] e1000 0000:00:03.0 eth0: Intel(R) PRO/1000 Network Connection
[    1.483295] [drm] VRAM 01000000
[    1.484580] [TTM] Zone  kernel: Available graphics memory: 504258 kiB
[    1.485343] [TTM] Initializing pool allocator
[    1.485797] [TTM] Initializing DMA pool allocator
[    1.487661] fbcon: vboxdrmfb (fb0) is primary device
[    1.488776] Console: switching to colour frame buffer device 100x37
[    1.490272] vboxvideo 0000:00:02.0: fb0: vboxdrmfb frame buffer device
[    1.716158] [drm] Initialized vboxvideo 1.0.0 20130823 for 0000:00:02.0 on minor 0
[    1.720342] mptbase: ioc0: Initiating bringup
[    1.820498] ioc0: LSI53C1030 A0: Capabilities={Initiator}
[    2.063279] scsi host2: ioc0: LSI53C1030 A0, FwRev=00000000h, Ports=1, MaxQ=256, IRQ=20
[    2.232276] scsi 2:0:0:0: Direct-Access     VBOX     HARDDISK         1.0  PQ: 0 ANSI: 5
[    2.259576] scsi target2:0:0: Beginning Domain Validation
[    2.260584] scsi target2:0:0: Domain Validation skipping write tests
[    2.261030] scsi target2:0:0: Ending Domain Validation
[    2.261451] scsi target2:0:0: asynchronous
[    2.262558] scsi 2:0:1:0: Direct-Access     VBOX     HARDDISK         1.0  PQ: 0 ANSI: 5
[    2.500075] scsi target2:0:1: Beginning Domain Validation
[    2.501107] scsi target2:0:1: Domain Validation skipping write tests
[    2.501670] scsi target2:0:1: Ending Domain Validation
[    2.502184] scsi target2:0:1: asynchronous
[    2.504269] sd 2:0:0:0: Attached scsi generic sg0 type 0
[    2.505023] sd 2:0:0:0: [sda] 83886080 512-byte logical blocks: (42.9 GB/40.0 GiB)
[    2.505729] sd 2:0:0:0: [sda] Write Protect is off
[    2.506261] sd 2:0:0:0: [sda] Incomplete mode parameter data
[    2.506827] sd 2:0:0:0: [sda] Assuming drive cache: write through
[    2.507765] sd 2:0:1:0: [sdb] 20480 512-byte logical blocks: (10.5 MB/10.0 MiB)
[    2.508517] sd 2:0:1:0: [sdb] Write Protect is off
[    2.509058] sd 2:0:1:0: [sdb] Incomplete mode parameter data
[    2.509617] sd 2:0:1:0: [sdb] Assuming drive cache: write through
[    2.510357] sd 2:0:1:0: Attached scsi generic sg1 type 0
[    2.512928]  sda: sda1
[    2.513836] sd 2:0:0:0: [sda] Attached SCSI disk
[    2.514768] sd 2:0:1:0: [sdb] Attached SCSI disk
[    2.581860] e1000 0000:00:08.0 eth1: (PCI:33MHz:32-bit) 08:00:27:69:87:c0
[    2.582894] e1000 0000:00:08.0 eth1: Intel(R) PRO/1000 Network Connection
[    2.584361] e1000 0000:00:03.0 enp0s3: renamed from eth0
[    2.636634] e1000 0000:00:08.0 enp0s8: renamed from eth1
Begin: Loading essential drivers ... [    2.764051] raid6: sse2x1   gen() 15276 MB/s
[    2.812040] raid6: sse2x1   xor() 10186 MB/s
[    2.860051] raid6: sse2x2   gen() 21020 MB/s
[    2.908025] raid6: sse2x2   xor() 15399 MB/s
[    2.956049] raid6: sse2x4   gen() 24012 MB/s
[    3.004063] raid6: sse2x4   xor() 12938 MB/s
[    3.052061] raid6: avx2x1   gen() 33930 MB/s
[    3.100037] raid6: avx2x1   xor() 20798 MB/s
[    3.148037] raid6: avx2x2   gen() 43138 MB/s
[    3.196043] raid6: avx2x2   xor() 28626 MB/s
[    3.244050] raid6: avx2x4   gen() 43247 MB/s
[    3.292024] raid6: avx2x4   xor() 20395 MB/s
[    3.292618] raid6: using algorithm avx2x4 gen() 43247 MB/s
[    3.293163] raid6: .... xor() 20395 MB/s, rmw enabled
[    3.293777] raid6: using avx2x2 recovery algorithm
[    3.295193] xor: automatically using best checksumming function   avx       
[    3.296678] async_tx: api initialized (async)
done.
Begin: Running /scripts/init-premount ... done.
Begin: Mounting root file system ... Begin: Running /scripts/local-top ... done.
Begin: Running /scripts/local-premount ... [    3.335469] Btrfs loaded, crc32c=crc32c-intel
Scanning for Btrfs filesystems
done.
Begin: Will now check root file system ... fsck from util-linux 2.31.1
[/sbin/fsck.ext4 (1) -- /dev/sda1] fsck.ext4 -a -C0 /dev/sda1 
cloudimg-rootfs: clean, 74483/5120000 files, 741260/10485499 blocks
done.
[    3.360303] EXT4-fs (sda1): mounted filesystem with ordered data mode. Opts: (null)
done.
Begin: Running /scripts/local-bottom ... done.
Begin: Running /scripts/init-bottom ... done.
[    3.512795] ip_tables: (C) 2000-2006 Netfilter Core Team
[    3.519225] systemd[1]: systemd 237 running in system mode. (+PAM +AUDIT +SELINUX +IMA +APPARMOR +SMACK +SYSVINIT +UTMP +LIBCRYPTSETUP +GCRYPT +GNUTLS +ACL +XZ +LZ4 +SECCOMP +BLKID +ELFUTILS +KMOD -IDN2 +IDN -PCRE2 default-hierarchy=hybrid)
[    3.522473] systemd[1]: Detected virtualization oracle.
[    3.523392] systemd[1]: Detected architecture x86-64.

Welcome to [1mUbuntu 18.04.6 LTS[0m!

[    3.527095] systemd[1]: Set hostname to <db01>.
[    3.712254] systemd[1]: Reached target User and Group Name Lookups.
[[0;32m  OK  [0m] Reached target User and Group Name Lookups.
[    3.715323] systemd[1]: Created slice User and Session Slice.
[[0;32m  OK  [0m] Created slice User and Session Slice.
[    3.716582] systemd[1]: Created slice System Slice.
[[0;32m  OK  [0m] Created slice System Slice.
[    3.717444] systemd[1]: Reached target Slices.
[[0;32m  OK  [0m] Reached target Slices.
[    3.718296] systemd[1]: Listening on Journal Audit Socket.
[[0;32m  OK  [0m] Listening on Journal Audit Socket.
[    3.719266] systemd[1]: Listening on Journal Socket (/dev/log).
[[0;32m  OK  [0m] Listening on Journal Socket (/dev/log).
[[0;32m  OK  [0m] Listening on fsck to fsckd communication Socket.
[[0;32m  OK  [0m] Listening on LVM2 metadata daemon socket.
[[0;32m  OK  [0m] Listening on udev Control Socket.
[[0;32m  OK  [0m] Listening on LVM2 poll daemon socket.
[[0;32m  OK  [0m] Reached target System Time Synchronized.
[[0;32m  OK  [0m] Created slice system-serial\x2dgetty.slice.
[[0;32m  OK  [0m] Listening on Network Service Netlink Socket.
[[0;32m  OK  [0m] Listening on /dev/initctl Compatibility Named Pipe.
[[0;32m  OK  [0m] Listening on Device-mapper event daemon FIFOs.
[[0;32m  OK  [0m] Listening on Journal Socket.
         Starting Set the console keyboard layout...
         Mounting Huge Pages File System...
         Mounting POSIX Message Queue File System...
         Starting Create list of required stâ€¦ce nodes for the current kernel...
         Starting Uncomplicated firewall...
[[0;32m  OK  [0m] Reached target Mounting snaps.
[[0;32m  OK  [0m] Reached target Mounted snaps.
[[0;32m  OK  [0m] Set up automount Arbitrary Executabâ€¦rmats File System Automount Point.
[[0;32m  OK  [0m] Reached target Swap.
[[0;32m  OK  [0m] Started Forward Password Requests to Wall Directory Watch.
         Starting Remount Root and Kernel File Systems...
[[0;32m  OK  [0m] Listening on Syslog Socket.
         Starting Journal Service...
         Starting Monitoring of LVM2 mirrorsâ€¦ng dmeventd or progress polling...
         Starting Load Kernel Modules...
[[0;32m  OK  [0m] Listening on udev Kernel Socket.
         Starting udev Coldplug all Devices...
         Mounting Kernel Debug File System...
[[0;32m  OK  [0m] Mounted Huge Pages File System.
[[0;32m  OK  [0m] Mounted POSIX Message Queue File System.
[[0;32m  OK  [0m] Started Create list of required staâ€¦vice nodes for the current kernel.
[[0;32m  OK  [0m] Started Uncomplicated firewall.
[[0;32m  OK  [0m] Mounted Kernel Debug File System.
[[0;32m  OK  [0m] Started LVM2 metadata daemon.
         Starting Create Static Device Nodes in /dev...
[[0;32m  OK  [0m] Started Journal Service.
[    3.820335] EXT4-fs (sda1): re-mounted. Opts: (null)
[[0;32m  OK  [0m] Started Remount Root and Kernel File Systems.
         Starting Flush Journal to Persistent Storage...
         Starting Load/Save Random Seed...
[[0;32m  OK  [0m] Started Set the console keyboard layout.
[[0;32m  OK  [0m] Started udev Coldplug all Devices.
[[0;32m  OK  [0m] Started Create Static Device Nodes in /dev.
         Starting udev Kernel Device Manager...
[[0;32m  OK  [0m] Started Monitoring of LVM2 mirrors,â€¦sing dmeventd or progress polling.
[[0;32m  OK  [0m] Reached target Local File Systems (Pre).
[[0;32m  OK  [0m] Reached target Local File Systems.
         Starting Set console font and keymap...
         Starting Tell Plymouth To Write Out Runtime Data...
[    3.867146] Loading iSCSI transport class v2.0-870.
         Starting AppArmor initialization...
         Starting ebtables ruleset management...
[    3.872555] iscsi: registered transport (tcp)
[    3.884177] iscsi: registered transport (iser)
[[0;32m  OK  [0m] Started Load Kernel Modules.
         Starting Apply Kernel Variables...
         Mounting FUSE Control File System...
         Mounting Kernel Configuration File System...
[[0;32m  OK  [0m] Mounted FUSE Control File System.
[[0;32m  OK  [0m] Mounted Kernel Configuration File System.
[    3.892549] systemd-journald[409]: Received request to flush runtime journal from PID 1
[[0;32m  OK  [0m] Started Load/Save Random Seed.
[[0;32m  OK  [0m] Started udev Kernel Device Manager.
[[0;32m  OK  [0m] Started Dispatch Password Requests to Console Directory Watch.
[[0;32m  OK  [0m] Reached target Local Encrypted Volumes.
[[0;32m  OK  [0m] Started Set console font and keymap.
[[0;32m  OK  [0m] Started Tell Plymouth To Write Out Runtime Data.
[[0;32m  OK  [0m] Started Apply Kernel Variables.
[[0;32m  OK  [0m] Started Flush Journal to Persistent Storage.
         Starting Create Volatile Files and Directories...
[[0;32m  OK  [0m] Started ebtables ruleset management.
[[0;32m  OK  [0m] Started Create Volatile Files and Directories.
         Starting Update UTMP about System Boot/Shutdown...
[[0;32m  OK  [0m] Found device /dev/ttyS0.
[[0;32m  OK  [0m] Started Update UTMP about System Boot/Shutdown.
[[0;32m  OK  [0m] Listening on Load/Save RF Kill Switch Status /dev/rfkill Watch.
[[0;32m  OK  [0m] Started AppArmor initialization.
         Starting Initial cloud-init job (pre-networking)...
         Starting Load AppArmor profiles managed internally by snapd...
         Mounting Arbitrary Executable File Formats File System...
[[0;32m  OK  [0m] Mounted Arbitrary Executable File Formats File System.
[[0;32m  OK  [0m] Started Load AppArmor profiles managed internally by snapd.
[    4.991050] cloud-init[555]: Cloud-init v. 23.1.2-0ubuntu0~18.04.1 running 'init-local' at Sat, 15 Jun 2024 06:09:50 +0000. Up 4.87 seconds.
[[0;32m  OK  [0m] Started Initial cloud-init job (pre-networking).
[[0;32m  OK  [0m] Reached target Network (Pre).
         Starting Network Service...
[[0;32m  OK  [0m] Started Network Service.
         Starting Network Name Resolution...
         Starting Wait for Network to be Configured...
[[0;32m  OK  [0m] Started Network Name Resolution.
[[0;32m  OK  [0m] Reached target Network.
[[0;32m  OK  [0m] Reached target Host and Network Name Lookups.
[[0;32m  OK  [0m] Started Wait for Network to be Configured.
         Starting Initial cloud-init job (metadata service crawler)...
[    7.381081] cloud-init[707]: Cloud-init v. 23.1.2-0ubuntu0~18.04.1 running 'init' at Sat, 15 Jun 2024 06:09:53 +0000. Up 7.29 seconds.
[    7.382163] cloud-init[707]: ci-info: ++++++++++++++++++++++++++++++++++++++Net device info+++++++++++++++++++++++++++++++++++++++
[    7.383212] cloud-init[707]: ci-info: +--------+------+-----------------------------+---------------+--------+-------------------+
[    7.384019] cloud-init[707]: ci-info: | Device |  Up  |           Address           |      Mask     | Scope  |     Hw-Address    |
[    7.384864] cloud-init[707]: ci-info: +--------+------+-----------------------------+---------------+--------+-------------------+
[    7.385620] cloud-init[707]: ci-info: | enp0s3 | True |          10.0.2.15          | 255.255.255.0 | global | 02:3b:7b:b7:3b:2d |
[    7.386519] cloud-init[707]: ci-info: | enp0s3 | True |  fe80::3b:7bff:feb7:3b2d/64 |       .       |  link  | 02:3b:7b:b7:3b:2d |
[    7.387272] cloud-init[707]: ci-info: | enp0s8 | True |         192.168.56.4        | 255.255.255.0 | global | 08:00:27:69:87:c0 |
[    7.388036] cloud-init[707]: ci-info: | enp0s8 | True | fe80::a00:27ff:fe69:87c0/64 |       .       |  link  | 08:00:27:69:87:c0 |
[    7.388834] cloud-init[707]: ci-info: |   lo   | True |          127.0.0.1          |   255.0.0.0   |  host  |         .         |
[    7.389600] cloud-init[707]: ci-info: |   lo   | True |           ::1/128           |       .       |  host  |         .         |
[    7.390369] cloud-init[707]: ci-info: +--------+------+-----------------------------+---------------+--------+-------------------+
[    7.391123] cloud-init[707]: ci-info: +++++++++++++++++++++++++++++Route IPv4 info+++++++++++++++++++++++++++++
[    7.391819] cloud-init[707]: ci-info: +-------+--------------+----------+-----------------+-----------+-------+
[    7.392503] cloud-init[707]: ci-info: | Route | Destination  | Gateway  |     Genmask     | Interface | Flags |
[    7.393150] cloud-init[707]: ci-info: +-------+--------------+----------+-----------------+-----------+-------+
[    7.393792] cloud-init[707]: ci-info: |   0   |   0.0.0.0    | 10.0.2.2 |     0.0.0.0     |   enp0s3  |   UG  |
[    7.394438] cloud-init[707]: ci-info: |   1   |   10.0.2.0   | 0.0.0.0  |  255.255.255.0  |   enp0s3  |   U   |
[    7.395088] cloud-init[707]: ci-info: |   2   |   10.0.2.2   | 0.0.0.0  | 255.255.255.255 |   enp0s3  |   UH  |
[    7.412037] cloud-init[707]: ci-info: |   3   | 192.168.56.0 | 0.0.0.0  |  255.255.255.0  |   enp0s8  |   U   |
[    7.412795] cloud-init[707]: ci-info: +-------+--------------+----------+-----------------+-----------+-------+
[    7.413556] cloud-init[707]: ci-info: +++++++++++++++++++Route IPv6 info+++++++++++++++++++
[    7.414258] cloud-init[707]: ci-info: +-------+-------------+---------+-----------+-------+
[    7.414825] cloud-init[707]: ci-info: | Route | Destination | Gateway | Interface | Flags |
[    7.415374] cloud-init[707]: ci-info: +-------+-------------+---------+-----------+-------+
[    7.415911] cloud-init[707]: ci-info: |   1   |  fe80::/64  |    ::   |   enp0s8  |   U   |
[    7.416455] cloud-init[707]: ci-info: |   2   |  fe80::/64  |    ::   |   enp0s3  |   U   |
[    7.416980] cloud-init[707]: ci-info: |   4   |    local    |    ::   |   enp0s3  |   U   |
[    7.417505] cloud-init[707]: ci-info: |   5   |    local    |    ::   |   enp0s8  |   U   |
[    7.418041] cloud-init[707]: ci-info: |   6   |   ff00::/8  |    ::   |   enp0s8  |   U   |
[    7.418570] cloud-init[707]: ci-info: |   7   |   ff00::/8  |    ::   |   enp0s3  |   U   |
[    7.419111] cloud-init[707]: ci-info: +-------+-------------+---------+-----------+-------+
[[0;32m  OK  [0m] Started Initial cloud-init job (metadata service crawler).
[[0;32m  OK  [0m] Reached target System Initialization.
[[0;32m  OK  [0m] Listening on ACPID Listen Socket.
         Starting Socket activation for snappy daemon.
[[0;32m  OK  [0m] Listening on D-Bus System Message Bus Socket.
[[0;32m  OK  [0m] Listening on Open-iSCSI iscsid Socket.
[[0;32m  OK  [0m] Listening on UUID daemon activation socket.
[[0;32m  OK  [0m] Started ACPI Events Check.
[[0;32m  OK  [0m] Reached target Paths.
[[0;32m  OK  [0m] Started Daily apt download activities.
[[0;32m  OK  [0m] Started Discard unused blocks once a week.
[[0;32m  OK  [0m] Started Ubuntu Advantage Timer for running repeated jobs.
[[0;32m  OK  [0m] Started Message of the Day.
         Starting LXD - unix socket.
[[0;32m  OK  [0m] Started Daily Cleanup of Temporary Directories.
[[0;32m  OK  [0m] Listening on cloud-init hotplug hook socket.
[[0;32m  OK  [0m] Started Daily apt upgrade and clean activities.
[[0;32m  OK  [0m] Reached target Timers.
[[0;32m  OK  [0m] Reached target Cloud-config availability.
[[0;32m  OK  [0m] Reached target Network is Online.
[[0;32m  OK  [0m] Reached target Remote File Systems (Pre).
         Starting Availability of block devices...
         Mounting /vagrant...
[[0;32m  OK  [0m] Listening on Socket activation for snappy daemon.
[[0;32m  OK  [0m] Listening on LXD - unix socket.
[[0;32m  OK  [0m] Reached target Sockets.
[[0;32m  OK  [0m] Reached target Basic System.
         Starting Dispatcher daemon for systemd-networkd...
[[0;32m  OK  [0m] Started Regular background program processing daemon.
[[0;32m  OK  [0m] Started D-Bus System Message Bus.
         Starting LSB: Record successful boot for GRUB...
         Starting LXD - container startup/shutdown...
         Starting Login Service...
[[0;32m  OK  [0m] Started irqbalance daemon.
[[0;32m  OK  [0m] Reached target Login Prompts (Pre).
         Starting Accounts Service...
         Starting System Logging Service...
         Starting Snap Daemon...
         Starting OpenBSD Secure Shell server...
[[0;32m  OK  [0m] Started Deferred execution scheduler.
[[0;32m  OK  [0m] Started FUSE filesystem for LXC.
         Starting vboxadd.service...
[[0;32m  OK  [0m] Started Availability of block devices.
[[0;1;31mFAILED[0m] Failed to mount /vagrant.
See 'systemctl status vagrant.mount' for details.
[[0;1;33mDEPEND[0m] Dependency failed for Remote File Systems.
         Starting LSB: automatic crash report generation...
         Starting Permit User Sessions...
[[0;32m  OK  [0m] Started Login Service.
[[0;32m  OK  [0m] Started Unattended Upgrades Shutdown.
[[0;32m  OK  [0m] Started LXD - container startup/shutdown.
[[0;32m  OK  [0m] Started System Logging Service.
[[0;32m  OK  [0m] Started Permit User Sessions.
         Starting Terminate Plymouth Boot Screen...
         Starting Hold until boot process finishes up...
[[0;32m  OK  [0m] Started Hold until boot process finishes up.
[[0;32m  OK  [0m] Started Serial Getty on ttyS0.
         Starting Set console scheme...
[[0;32m  OK  [0m] Started Terminate Plymouth Boot Screen.
[[0;32m  OK  [0m] Started Set console scheme.
[[0;32m  OK  [0m] Created slice system-getty.slice.
[[0;32m  OK  [0m] Started Getty on tty1.
[[0;32m  OK  [0m] Reached target Login Prompts.
         Starting Authorization Manager...
[[0;32m  OK  [0m] Started LSB: Record successful boot for GRUB.
[[0;32m  OK  [0m] Started OpenBSD Secure Shell server.
[[0;32m  OK  [0m] Started Authorization Manager.
[[0;32m  OK  [0m] Started Accounts Service.
[[0;32m  OK  [0m] Started LSB: automatic crash report generation.
[[0;32m  OK  [0m] Started Dispatcher daemon for systemd-networkd.
[[0;32m  OK  [0m] Started Snap Daemon.
         Starting Wait until snapd is fully seeded...
         Starting Time & Date Service...
[[0;32m  OK  [0m] Started Time & Date Service.
[[0;32m  OK  [0m] Started Wait until snapd is fully seeded.
         Starting Apply the settings specified in cloud-config...
[[0;32m  OK  [0m] Started vboxadd.service.
         Starting vboxadd-service.service...
[[0;32m  OK  [0m] Started vboxadd-service.service.
[    8.764680] cloud-init[1323]: Cloud-init v. 23.1.2-0ubuntu0~18.04.1 running 'modules:config' at Sat, 15 Jun 2024 06:09:54 +0000. Up 8.70 seconds.
[[0;32m  OK  [0m] Started Apply the settings specified in cloud-config.
[[0;32m  OK  [0m] Reached target Multi-User System.
[[0;32m  OK  [0m] Reached target Graphical Interface.
         Starting Update UTMP about System Runlevel Changes...
         Starting Execute cloud user/final scripts...
[[0;32m  OK  [0m] Started Update UTMP about System Runlevel Changes.
[    9.123528] cloud-init[1404]: Cloud-init v. 23.1.2-0ubuntu0~18.04.1 running 'modules:final' at Sat, 15 Jun 2024 06:09:54 +0000. Up 9.04 seconds.
[    9.124371] cloud-init[1404]: Cloud-init v. 23.1.2-0ubuntu0~18.04.1 finished at Sat, 15 Jun 2024 06:09:55 +0000. Datasource DataSourceNoCloud [seed=/dev/sdb][dsmode=net].  Up 9.11 seconds
[[0;32m  OK  [0m] Started Execute cloud user/final scripts.
[[0;32m  OK  [0m] Reached target Cloud-init target.

Ubuntu 18.04.6 LTS db01 ttyS0

db01 login: 